Archive member included to satisfy reference by file (symbol)

/home/becker/bin/avr-gcc-7.2/lib/gcc/avr/7.2.0/../../../../avr/lib/avr51/libm.a(divsf3.o)
                              cnt.o (__divsf3)
/home/becker/bin/avr-gcc-7.2/lib/gcc/avr/7.2.0/../../../../avr/lib/avr51/libm.a(divsf3x.o)
                              /home/becker/bin/avr-gcc-7.2/lib/gcc/avr/7.2.0/../../../../avr/lib/avr51/libm.a(divsf3.o) (__divsf3x)
/home/becker/bin/avr-gcc-7.2/lib/gcc/avr/7.2.0/../../../../avr/lib/avr51/libm.a(floatsisf.o)
                              cnt.o (__floatsisf)
/home/becker/bin/avr-gcc-7.2/lib/gcc/avr/7.2.0/../../../../avr/lib/avr51/libm.a(fp_inf.o)
                              /home/becker/bin/avr-gcc-7.2/lib/gcc/avr/7.2.0/../../../../avr/lib/avr51/libm.a(divsf3x.o) (__fp_inf)
/home/becker/bin/avr-gcc-7.2/lib/gcc/avr/7.2.0/../../../../avr/lib/avr51/libm.a(fp_nan.o)
                              /home/becker/bin/avr-gcc-7.2/lib/gcc/avr/7.2.0/../../../../avr/lib/avr51/libm.a(divsf3x.o) (__fp_nan)
/home/becker/bin/avr-gcc-7.2/lib/gcc/avr/7.2.0/../../../../avr/lib/avr51/libm.a(fp_pscA.o)
                              /home/becker/bin/avr-gcc-7.2/lib/gcc/avr/7.2.0/../../../../avr/lib/avr51/libm.a(divsf3x.o) (__fp_pscA)
/home/becker/bin/avr-gcc-7.2/lib/gcc/avr/7.2.0/../../../../avr/lib/avr51/libm.a(fp_pscB.o)
                              /home/becker/bin/avr-gcc-7.2/lib/gcc/avr/7.2.0/../../../../avr/lib/avr51/libm.a(divsf3x.o) (__fp_pscB)
/home/becker/bin/avr-gcc-7.2/lib/gcc/avr/7.2.0/../../../../avr/lib/avr51/libm.a(fp_round.o)
                              /home/becker/bin/avr-gcc-7.2/lib/gcc/avr/7.2.0/../../../../avr/lib/avr51/libm.a(divsf3.o) (__fp_round)
/home/becker/bin/avr-gcc-7.2/lib/gcc/avr/7.2.0/../../../../avr/lib/avr51/libm.a(fp_split3.o)
                              /home/becker/bin/avr-gcc-7.2/lib/gcc/avr/7.2.0/../../../../avr/lib/avr51/libm.a(divsf3x.o) (__fp_split3)
/home/becker/bin/avr-gcc-7.2/lib/gcc/avr/7.2.0/../../../../avr/lib/avr51/libm.a(fp_zero.o)
                              /home/becker/bin/avr-gcc-7.2/lib/gcc/avr/7.2.0/../../../../avr/lib/avr51/libm.a(divsf3x.o) (__fp_szero)
/home/becker/bin/avr-gcc-7.2/lib/gcc/avr/7.2.0/avr51/libgcc.a(_divmodhi4.o)
                              cnt.o (__divmodhi4)
/home/becker/bin/avr-gcc-7.2/lib/gcc/avr/7.2.0/avr51/libgcc.a(_exit.o)
                              /home/becker/bin/avr-gcc-7.2/lib/gcc/avr/7.2.0/../../../../avr/lib/avr51/crtatmega128.o (exit)
/home/becker/bin/avr-gcc-7.2/lib/gcc/avr/7.2.0/avr51/libgcc.a(_clear_bss.o)
                              cnt.o (__do_clear_bss)
/home/becker/bin/avr-gcc-7.2/lib/gcc/avr/7.2.0/avr51/libgcc.a(_udivmodhi4.o)
                              /home/becker/bin/avr-gcc-7.2/lib/gcc/avr/7.2.0/avr51/libgcc.a(_divmodhi4.o) (__udivmodhi4)

Allocating common symbols
Common symbol       size              file

Seed                0x2               cnt.o
Postotal            0x2               cnt.o
Array               0xc8              cnt.o
Negtotal            0x2               cnt.o
Negcnt              0x2               cnt.o
Poscnt              0x2               cnt.o

Memory Configuration

Name             Origin             Length             Attributes
text             0x0000000000000000 0x0000000000020000 xr
data             0x0000000000800100 0x000000000000ff00 rw !x
eeprom           0x0000000000810000 0x0000000000010000 rw !x
fuse             0x0000000000820000 0x0000000000000400 rw !x
lock             0x0000000000830000 0x0000000000000400 rw !x
signature        0x0000000000840000 0x0000000000000400 rw !x
user_signatures  0x0000000000850000 0x0000000000000400 rw !x
*default*        0x0000000000000000 0xffffffffffffffff

Linker script and memory map

Address of section .data set to 0x800100
LOAD /home/becker/bin/avr-gcc-7.2/lib/gcc/avr/7.2.0/../../../../avr/lib/avr51/crtatmega128.o
LOAD cnt.o
LOAD /home/becker/bin/avr-gcc-7.2/lib/gcc/avr/7.2.0/../../../../avr/lib/avr51/libm.a
START GROUP
LOAD /home/becker/bin/avr-gcc-7.2/lib/gcc/avr/7.2.0/avr51/libgcc.a
LOAD /home/becker/bin/avr-gcc-7.2/lib/gcc/avr/7.2.0/../../../../avr/lib/avr51/libm.a
LOAD /home/becker/bin/avr-gcc-7.2/lib/gcc/avr/7.2.0/../../../../avr/lib/avr51/libc.a
LOAD /home/becker/bin/avr-gcc-7.2/lib/gcc/avr/7.2.0/../../../../avr/lib/avr51/libatmega128.a
END GROUP
                0x0000000000020000                __TEXT_REGION_LENGTH__ = DEFINED (__TEXT_REGION_LENGTH__)?__TEXT_REGION_LENGTH__:0x20000
                0x000000000000ff00                __DATA_REGION_LENGTH__ = DEFINED (__DATA_REGION_LENGTH__)?__DATA_REGION_LENGTH__:0xff00
                0x0000000000010000                __EEPROM_REGION_LENGTH__ = DEFINED (__EEPROM_REGION_LENGTH__)?__EEPROM_REGION_LENGTH__:0x10000
                0x0000000000000400                __FUSE_REGION_LENGTH__ = DEFINED (__FUSE_REGION_LENGTH__)?__FUSE_REGION_LENGTH__:0x400
                0x0000000000000400                __LOCK_REGION_LENGTH__ = DEFINED (__LOCK_REGION_LENGTH__)?__LOCK_REGION_LENGTH__:0x400
                0x0000000000000400                __SIGNATURE_REGION_LENGTH__ = DEFINED (__SIGNATURE_REGION_LENGTH__)?__SIGNATURE_REGION_LENGTH__:0x400
                0x0000000000000400                __USER_SIGNATURE_REGION_LENGTH__ = DEFINED (__USER_SIGNATURE_REGION_LENGTH__)?__USER_SIGNATURE_REGION_LENGTH__:0x400

.hash
 *(.hash)

.dynsym
 *(.dynsym)

.dynstr
 *(.dynstr)

.gnu.version
 *(.gnu.version)

.gnu.version_d
 *(.gnu.version_d)

.gnu.version_r
 *(.gnu.version_r)

.rel.init
 *(.rel.init)

.rela.init
 *(.rela.init)

.rel.text
 *(.rel.text)
 *(.rel.text.*)
 *(.rel.gnu.linkonce.t*)

.rela.text
 *(.rela.text)
 *(.rela.text.*)
 *(.rela.gnu.linkonce.t*)

.rel.fini
 *(.rel.fini)

.rela.fini
 *(.rela.fini)

.rel.rodata
 *(.rel.rodata)
 *(.rel.rodata.*)
 *(.rel.gnu.linkonce.r*)

.rela.rodata
 *(.rela.rodata)
 *(.rela.rodata.*)
 *(.rela.gnu.linkonce.r*)

.rel.data
 *(.rel.data)
 *(.rel.data.*)
 *(.rel.gnu.linkonce.d*)

.rela.data
 *(.rela.data)
 *(.rela.data.*)
 *(.rela.gnu.linkonce.d*)

.rel.ctors
 *(.rel.ctors)

.rela.ctors
 *(.rela.ctors)

.rel.dtors
 *(.rel.dtors)

.rela.dtors
 *(.rela.dtors)

.rel.got
 *(.rel.got)

.rela.got
 *(.rela.got)

.rel.bss
 *(.rel.bss)

.rela.bss
 *(.rela.bss)

.rel.plt
 *(.rel.plt)

.rela.plt
 *(.rela.plt)

.text           0x0000000000000000      0x604
 *(.vectors)
 .vectors       0x0000000000000000       0x8c /home/becker/bin/avr-gcc-7.2/lib/gcc/avr/7.2.0/../../../../avr/lib/avr51/crtatmega128.o
                0x0000000000000000                __vectors
                0x0000000000000000                __vector_default
 *(.vectors)
 *(.progmem.gcc*)
                0x000000000000008c                . = ALIGN (0x2)
                0x000000000000008c                __trampolines_start = .
 *(.trampolines)
 .trampolines   0x000000000000008c        0x0 linker stubs
 *(.trampolines*)
                0x000000000000008c                __trampolines_end = .
 *libprintf_flt.a:*(.progmem.data)
 *libc.a:*(.progmem.data)
 *(.progmem*)
                0x000000000000008c                . = ALIGN (0x2)
 *(.lowtext)
 *(.lowtext*)
                0x000000000000008c                __ctors_start = .
 *(.ctors)
                0x000000000000008c                __ctors_end = .
                0x000000000000008c                __dtors_start = .
 *(.dtors)
                0x000000000000008c                __dtors_end = .
 SORT(*)(.ctors)
 SORT(*)(.dtors)
 *(.init0)
 .init0         0x000000000000008c        0x0 /home/becker/bin/avr-gcc-7.2/lib/gcc/avr/7.2.0/../../../../avr/lib/avr51/crtatmega128.o
                0x000000000000008c                __init
 *(.init0)
 *(.init1)
 *(.init1)
 *(.init2)
 .init2         0x000000000000008c        0xc /home/becker/bin/avr-gcc-7.2/lib/gcc/avr/7.2.0/../../../../avr/lib/avr51/crtatmega128.o
 *(.init2)
 *(.init3)
 *(.init3)
 *(.init4)
 .init4         0x0000000000000098       0x10 /home/becker/bin/avr-gcc-7.2/lib/gcc/avr/7.2.0/avr51/libgcc.a(_clear_bss.o)
                0x0000000000000098                __do_clear_bss
 *(.init4)
 *(.init5)
 *(.init5)
 *(.init6)
 *(.init6)
 *(.init7)
 *(.init7)
 *(.init8)
 *(.init8)
 *(.init9)
 .init9         0x00000000000000a8        0x8 /home/becker/bin/avr-gcc-7.2/lib/gcc/avr/7.2.0/../../../../avr/lib/avr51/crtatmega128.o
 *(.init9)
 *(.text)
 .text          0x00000000000000b0        0x4 /home/becker/bin/avr-gcc-7.2/lib/gcc/avr/7.2.0/../../../../avr/lib/avr51/crtatmega128.o
                0x00000000000000b0                __vector_22
                0x00000000000000b0                __vector_28
                0x00000000000000b0                __vector_1
                0x00000000000000b0                __vector_32
                0x00000000000000b0                __vector_34
                0x00000000000000b0                __vector_24
                0x00000000000000b0                __vector_12
                0x00000000000000b0                __bad_interrupt
                0x00000000000000b0                __vector_6
                0x00000000000000b0                __vector_31
                0x00000000000000b0                __vector_3
                0x00000000000000b0                __vector_23
                0x00000000000000b0                __vector_30
                0x00000000000000b0                __vector_25
                0x00000000000000b0                __vector_11
                0x00000000000000b0                __vector_13
                0x00000000000000b0                __vector_17
                0x00000000000000b0                __vector_19
                0x00000000000000b0                __vector_7
                0x00000000000000b0                __vector_27
                0x00000000000000b0                __vector_5
                0x00000000000000b0                __vector_33
                0x00000000000000b0                __vector_4
                0x00000000000000b0                __vector_9
                0x00000000000000b0                __vector_2
                0x00000000000000b0                __vector_21
                0x00000000000000b0                __vector_15
                0x00000000000000b0                __vector_29
                0x00000000000000b0                __vector_8
                0x00000000000000b0                __vector_26
                0x00000000000000b0                __vector_14
                0x00000000000000b0                __vector_10
                0x00000000000000b0                __vector_16
                0x00000000000000b0                __vector_18
                0x00000000000000b0                __vector_20
 .text          0x00000000000000b4      0x2fc cnt.o
                0x00000000000000b4                main
                0x00000000000000d2                Test
                0x0000000000000188                Initialize
                0x000000000000020e                InitSeed
                0x0000000000000228                Sum
                0x0000000000000370                RandomInteger
 .text          0x00000000000003b0        0x0 /home/becker/bin/avr-gcc-7.2/lib/gcc/avr/7.2.0/../../../../avr/lib/avr51/libm.a(divsf3.o)
 .text          0x00000000000003b0        0x0 /home/becker/bin/avr-gcc-7.2/lib/gcc/avr/7.2.0/../../../../avr/lib/avr51/libm.a(divsf3x.o)
 .text          0x00000000000003b0        0x0 /home/becker/bin/avr-gcc-7.2/lib/gcc/avr/7.2.0/../../../../avr/lib/avr51/libm.a(floatsisf.o)
 .text          0x00000000000003b0        0x0 /home/becker/bin/avr-gcc-7.2/lib/gcc/avr/7.2.0/../../../../avr/lib/avr51/libm.a(fp_inf.o)
 .text          0x00000000000003b0        0x0 /home/becker/bin/avr-gcc-7.2/lib/gcc/avr/7.2.0/../../../../avr/lib/avr51/libm.a(fp_nan.o)
 .text          0x00000000000003b0        0x0 /home/becker/bin/avr-gcc-7.2/lib/gcc/avr/7.2.0/../../../../avr/lib/avr51/libm.a(fp_pscA.o)
 .text          0x00000000000003b0        0x0 /home/becker/bin/avr-gcc-7.2/lib/gcc/avr/7.2.0/../../../../avr/lib/avr51/libm.a(fp_pscB.o)
 .text          0x00000000000003b0        0x0 /home/becker/bin/avr-gcc-7.2/lib/gcc/avr/7.2.0/../../../../avr/lib/avr51/libm.a(fp_round.o)
 .text          0x00000000000003b0        0x0 /home/becker/bin/avr-gcc-7.2/lib/gcc/avr/7.2.0/../../../../avr/lib/avr51/libm.a(fp_split3.o)
 .text          0x00000000000003b0        0x0 /home/becker/bin/avr-gcc-7.2/lib/gcc/avr/7.2.0/../../../../avr/lib/avr51/libm.a(fp_zero.o)
 .text          0x00000000000003b0        0x0 /home/becker/bin/avr-gcc-7.2/lib/gcc/avr/7.2.0/avr51/libgcc.a(_divmodhi4.o)
 .text          0x00000000000003b0        0x0 /home/becker/bin/avr-gcc-7.2/lib/gcc/avr/7.2.0/avr51/libgcc.a(_exit.o)
 .text          0x00000000000003b0        0x0 /home/becker/bin/avr-gcc-7.2/lib/gcc/avr/7.2.0/avr51/libgcc.a(_clear_bss.o)
 .text          0x00000000000003b0        0x0 /home/becker/bin/avr-gcc-7.2/lib/gcc/avr/7.2.0/avr51/libgcc.a(_udivmodhi4.o)
                0x00000000000003b0                . = ALIGN (0x2)
 *(.text.*)
 .text.avr-libc.fplib
                0x00000000000003b0        0x8 /home/becker/bin/avr-gcc-7.2/lib/gcc/avr/7.2.0/../../../../avr/lib/avr51/libm.a(divsf3.o)
                0x00000000000003b0                __divsf3
 .text.avr-libc.fplib
                0x00000000000003b8       0xdc /home/becker/bin/avr-gcc-7.2/lib/gcc/avr/7.2.0/../../../../avr/lib/avr51/libm.a(divsf3x.o)
                0x00000000000003d8                __divsf3x
                0x00000000000003de                __divsf3_pse
 .text.avr-libc.fplib
                0x0000000000000494       0x7a /home/becker/bin/avr-gcc-7.2/lib/gcc/avr/7.2.0/../../../../avr/lib/avr51/libm.a(floatsisf.o)
                0x0000000000000494                __floatunsisf
                0x0000000000000498                __floatsisf
 .text.avr-libc.fplib
                0x000000000000050e        0xc /home/becker/bin/avr-gcc-7.2/lib/gcc/avr/7.2.0/../../../../avr/lib/avr51/libm.a(fp_inf.o)
                0x000000000000050e                __fp_inf
 .text.avr-libc.fplib
                0x000000000000051a        0x6 /home/becker/bin/avr-gcc-7.2/lib/gcc/avr/7.2.0/../../../../avr/lib/avr51/libm.a(fp_nan.o)
                0x000000000000051a                __fp_nan
 .text.avr-libc.fplib
                0x0000000000000520        0xe /home/becker/bin/avr-gcc-7.2/lib/gcc/avr/7.2.0/../../../../avr/lib/avr51/libm.a(fp_pscA.o)
                0x0000000000000520                __fp_pscA
 .text.avr-libc.fplib
                0x000000000000052e        0xe /home/becker/bin/avr-gcc-7.2/lib/gcc/avr/7.2.0/../../../../avr/lib/avr51/libm.a(fp_pscB.o)
                0x000000000000052e                __fp_pscB
 .text.avr-libc.fplib
                0x000000000000053c       0x22 /home/becker/bin/avr-gcc-7.2/lib/gcc/avr/7.2.0/../../../../avr/lib/avr51/libm.a(fp_round.o)
                0x000000000000053c                __fp_round
 .text.avr-libc.fplib
                0x000000000000055e       0x44 /home/becker/bin/avr-gcc-7.2/lib/gcc/avr/7.2.0/../../../../avr/lib/avr51/libm.a(fp_split3.o)
                0x000000000000055e                __fp_split3
                0x000000000000056e                __fp_splitA
 .text.avr-libc.fplib
                0x00000000000005a2        0xe /home/becker/bin/avr-gcc-7.2/lib/gcc/avr/7.2.0/../../../../avr/lib/avr51/libm.a(fp_zero.o)
                0x00000000000005a2                __fp_zero
                0x00000000000005a4                __fp_szero
 .text.libgcc.mul
                0x00000000000005b0        0x0 /home/becker/bin/avr-gcc-7.2/lib/gcc/avr/7.2.0/avr51/libgcc.a(_divmodhi4.o)
 .text.libgcc.div
                0x00000000000005b0       0x28 /home/becker/bin/avr-gcc-7.2/lib/gcc/avr/7.2.0/avr51/libgcc.a(_divmodhi4.o)
                0x00000000000005b0                __divmodhi4
                0x00000000000005b0                _div
 .text.libgcc   0x00000000000005d8        0x0 /home/becker/bin/avr-gcc-7.2/lib/gcc/avr/7.2.0/avr51/libgcc.a(_divmodhi4.o)
 .text.libgcc.prologue
                0x00000000000005d8        0x0 /home/becker/bin/avr-gcc-7.2/lib/gcc/avr/7.2.0/avr51/libgcc.a(_divmodhi4.o)
 .text.libgcc.builtins
                0x00000000000005d8        0x0 /home/becker/bin/avr-gcc-7.2/lib/gcc/avr/7.2.0/avr51/libgcc.a(_divmodhi4.o)
 .text.libgcc.fmul
                0x00000000000005d8        0x0 /home/becker/bin/avr-gcc-7.2/lib/gcc/avr/7.2.0/avr51/libgcc.a(_divmodhi4.o)
 .text.libgcc.fixed
                0x00000000000005d8        0x0 /home/becker/bin/avr-gcc-7.2/lib/gcc/avr/7.2.0/avr51/libgcc.a(_divmodhi4.o)
 .text.libgcc.mul
                0x00000000000005d8        0x0 /home/becker/bin/avr-gcc-7.2/lib/gcc/avr/7.2.0/avr51/libgcc.a(_exit.o)
 .text.libgcc.div
                0x00000000000005d8        0x0 /home/becker/bin/avr-gcc-7.2/lib/gcc/avr/7.2.0/avr51/libgcc.a(_exit.o)
 .text.libgcc   0x00000000000005d8        0x0 /home/becker/bin/avr-gcc-7.2/lib/gcc/avr/7.2.0/avr51/libgcc.a(_exit.o)
 .text.libgcc.prologue
                0x00000000000005d8        0x0 /home/becker/bin/avr-gcc-7.2/lib/gcc/avr/7.2.0/avr51/libgcc.a(_exit.o)
 .text.libgcc.builtins
                0x00000000000005d8        0x0 /home/becker/bin/avr-gcc-7.2/lib/gcc/avr/7.2.0/avr51/libgcc.a(_exit.o)
 .text.libgcc.fmul
                0x00000000000005d8        0x0 /home/becker/bin/avr-gcc-7.2/lib/gcc/avr/7.2.0/avr51/libgcc.a(_exit.o)
 .text.libgcc.fixed
                0x00000000000005d8        0x0 /home/becker/bin/avr-gcc-7.2/lib/gcc/avr/7.2.0/avr51/libgcc.a(_exit.o)
 .text.libgcc.mul
                0x00000000000005d8        0x0 /home/becker/bin/avr-gcc-7.2/lib/gcc/avr/7.2.0/avr51/libgcc.a(_clear_bss.o)
 .text.libgcc.div
                0x00000000000005d8        0x0 /home/becker/bin/avr-gcc-7.2/lib/gcc/avr/7.2.0/avr51/libgcc.a(_clear_bss.o)
 .text.libgcc   0x00000000000005d8        0x0 /home/becker/bin/avr-gcc-7.2/lib/gcc/avr/7.2.0/avr51/libgcc.a(_clear_bss.o)
 .text.libgcc.prologue
                0x00000000000005d8        0x0 /home/becker/bin/avr-gcc-7.2/lib/gcc/avr/7.2.0/avr51/libgcc.a(_clear_bss.o)
 .text.libgcc.builtins
                0x00000000000005d8        0x0 /home/becker/bin/avr-gcc-7.2/lib/gcc/avr/7.2.0/avr51/libgcc.a(_clear_bss.o)
 .text.libgcc.fmul
                0x00000000000005d8        0x0 /home/becker/bin/avr-gcc-7.2/lib/gcc/avr/7.2.0/avr51/libgcc.a(_clear_bss.o)
 .text.libgcc.fixed
                0x00000000000005d8        0x0 /home/becker/bin/avr-gcc-7.2/lib/gcc/avr/7.2.0/avr51/libgcc.a(_clear_bss.o)
 .text.libgcc.mul
                0x00000000000005d8        0x0 /home/becker/bin/avr-gcc-7.2/lib/gcc/avr/7.2.0/avr51/libgcc.a(_udivmodhi4.o)
 .text.libgcc.div
                0x00000000000005d8       0x28 /home/becker/bin/avr-gcc-7.2/lib/gcc/avr/7.2.0/avr51/libgcc.a(_udivmodhi4.o)
                0x00000000000005d8                __udivmodhi4
 .text.libgcc   0x0000000000000600        0x0 /home/becker/bin/avr-gcc-7.2/lib/gcc/avr/7.2.0/avr51/libgcc.a(_udivmodhi4.o)
 .text.libgcc.prologue
                0x0000000000000600        0x0 /home/becker/bin/avr-gcc-7.2/lib/gcc/avr/7.2.0/avr51/libgcc.a(_udivmodhi4.o)
 .text.libgcc.builtins
                0x0000000000000600        0x0 /home/becker/bin/avr-gcc-7.2/lib/gcc/avr/7.2.0/avr51/libgcc.a(_udivmodhi4.o)
 .text.libgcc.fmul
                0x0000000000000600        0x0 /home/becker/bin/avr-gcc-7.2/lib/gcc/avr/7.2.0/avr51/libgcc.a(_udivmodhi4.o)
 .text.libgcc.fixed
                0x0000000000000600        0x0 /home/becker/bin/avr-gcc-7.2/lib/gcc/avr/7.2.0/avr51/libgcc.a(_udivmodhi4.o)
                0x0000000000000600                . = ALIGN (0x2)
 *(.fini9)
 .fini9         0x0000000000000600        0x0 /home/becker/bin/avr-gcc-7.2/lib/gcc/avr/7.2.0/avr51/libgcc.a(_exit.o)
                0x0000000000000600                exit
                0x0000000000000600                _exit
 *(.fini9)
 *(.fini8)
 *(.fini8)
 *(.fini7)
 *(.fini7)
 *(.fini6)
 *(.fini6)
 *(.fini5)
 *(.fini5)
 *(.fini4)
 *(.fini4)
 *(.fini3)
 *(.fini3)
 *(.fini2)
 *(.fini2)
 *(.fini1)
 *(.fini1)
 *(.fini0)
 .fini0         0x0000000000000600        0x4 /home/becker/bin/avr-gcc-7.2/lib/gcc/avr/7.2.0/avr51/libgcc.a(_exit.o)
 *(.fini0)
 *(.hightext)
 *(.hightext*)
                0x0000000000000604                . = ALIGN (0x2)
 *(.jumptables)
 *(.jumptables*)
                0x0000000000000604                _etext = .

.data           0x0000000000800100        0x0 load address 0x0000000000000604
                [!provide]                        PROVIDE (__data_start, .)
 *(.data)
 .data          0x0000000000800100        0x0 /home/becker/bin/avr-gcc-7.2/lib/gcc/avr/7.2.0/../../../../avr/lib/avr51/crtatmega128.o
 .data          0x0000000000800100        0x0 cnt.o
 .data          0x0000000000800100        0x0 /home/becker/bin/avr-gcc-7.2/lib/gcc/avr/7.2.0/../../../../avr/lib/avr51/libm.a(divsf3.o)
 .data          0x0000000000800100        0x0 /home/becker/bin/avr-gcc-7.2/lib/gcc/avr/7.2.0/../../../../avr/lib/avr51/libm.a(divsf3x.o)
 .data          0x0000000000800100        0x0 /home/becker/bin/avr-gcc-7.2/lib/gcc/avr/7.2.0/../../../../avr/lib/avr51/libm.a(floatsisf.o)
 .data          0x0000000000800100        0x0 /home/becker/bin/avr-gcc-7.2/lib/gcc/avr/7.2.0/../../../../avr/lib/avr51/libm.a(fp_inf.o)
 .data          0x0000000000800100        0x0 /home/becker/bin/avr-gcc-7.2/lib/gcc/avr/7.2.0/../../../../avr/lib/avr51/libm.a(fp_nan.o)
 .data          0x0000000000800100        0x0 /home/becker/bin/avr-gcc-7.2/lib/gcc/avr/7.2.0/../../../../avr/lib/avr51/libm.a(fp_pscA.o)
 .data          0x0000000000800100        0x0 /home/becker/bin/avr-gcc-7.2/lib/gcc/avr/7.2.0/../../../../avr/lib/avr51/libm.a(fp_pscB.o)
 .data          0x0000000000800100        0x0 /home/becker/bin/avr-gcc-7.2/lib/gcc/avr/7.2.0/../../../../avr/lib/avr51/libm.a(fp_round.o)
 .data          0x0000000000800100        0x0 /home/becker/bin/avr-gcc-7.2/lib/gcc/avr/7.2.0/../../../../avr/lib/avr51/libm.a(fp_split3.o)
 .data          0x0000000000800100        0x0 /home/becker/bin/avr-gcc-7.2/lib/gcc/avr/7.2.0/../../../../avr/lib/avr51/libm.a(fp_zero.o)
 .data          0x0000000000800100        0x0 /home/becker/bin/avr-gcc-7.2/lib/gcc/avr/7.2.0/avr51/libgcc.a(_divmodhi4.o)
 .data          0x0000000000800100        0x0 /home/becker/bin/avr-gcc-7.2/lib/gcc/avr/7.2.0/avr51/libgcc.a(_exit.o)
 .data          0x0000000000800100        0x0 /home/becker/bin/avr-gcc-7.2/lib/gcc/avr/7.2.0/avr51/libgcc.a(_clear_bss.o)
 .data          0x0000000000800100        0x0 /home/becker/bin/avr-gcc-7.2/lib/gcc/avr/7.2.0/avr51/libgcc.a(_udivmodhi4.o)
 *(.data*)
 *(.gnu.linkonce.d*)
 *(.rodata)
 *(.rodata*)
 *(.gnu.linkonce.r*)
                0x0000000000800100                . = ALIGN (0x2)
                0x0000000000800100                _edata = .
                [!provide]                        PROVIDE (__data_end, .)

.bss            0x0000000000800100       0xd2
                0x0000000000800100                PROVIDE (__bss_start, .)
 *(.bss)
 .bss           0x0000000000800100        0x0 /home/becker/bin/avr-gcc-7.2/lib/gcc/avr/7.2.0/../../../../avr/lib/avr51/crtatmega128.o
 .bss           0x0000000000800100        0x0 cnt.o
 .bss           0x0000000000800100        0x0 /home/becker/bin/avr-gcc-7.2/lib/gcc/avr/7.2.0/../../../../avr/lib/avr51/libm.a(divsf3.o)
 .bss           0x0000000000800100        0x0 /home/becker/bin/avr-gcc-7.2/lib/gcc/avr/7.2.0/../../../../avr/lib/avr51/libm.a(divsf3x.o)
 .bss           0x0000000000800100        0x0 /home/becker/bin/avr-gcc-7.2/lib/gcc/avr/7.2.0/../../../../avr/lib/avr51/libm.a(floatsisf.o)
 .bss           0x0000000000800100        0x0 /home/becker/bin/avr-gcc-7.2/lib/gcc/avr/7.2.0/../../../../avr/lib/avr51/libm.a(fp_inf.o)
 .bss           0x0000000000800100        0x0 /home/becker/bin/avr-gcc-7.2/lib/gcc/avr/7.2.0/../../../../avr/lib/avr51/libm.a(fp_nan.o)
 .bss           0x0000000000800100        0x0 /home/becker/bin/avr-gcc-7.2/lib/gcc/avr/7.2.0/../../../../avr/lib/avr51/libm.a(fp_pscA.o)
 .bss           0x0000000000800100        0x0 /home/becker/bin/avr-gcc-7.2/lib/gcc/avr/7.2.0/../../../../avr/lib/avr51/libm.a(fp_pscB.o)
 .bss           0x0000000000800100        0x0 /home/becker/bin/avr-gcc-7.2/lib/gcc/avr/7.2.0/../../../../avr/lib/avr51/libm.a(fp_round.o)
 .bss           0x0000000000800100        0x0 /home/becker/bin/avr-gcc-7.2/lib/gcc/avr/7.2.0/../../../../avr/lib/avr51/libm.a(fp_split3.o)
 .bss           0x0000000000800100        0x0 /home/becker/bin/avr-gcc-7.2/lib/gcc/avr/7.2.0/../../../../avr/lib/avr51/libm.a(fp_zero.o)
 .bss           0x0000000000800100        0x0 /home/becker/bin/avr-gcc-7.2/lib/gcc/avr/7.2.0/avr51/libgcc.a(_divmodhi4.o)
 .bss           0x0000000000800100        0x0 /home/becker/bin/avr-gcc-7.2/lib/gcc/avr/7.2.0/avr51/libgcc.a(_exit.o)
 .bss           0x0000000000800100        0x0 /home/becker/bin/avr-gcc-7.2/lib/gcc/avr/7.2.0/avr51/libgcc.a(_clear_bss.o)
 .bss           0x0000000000800100        0x0 /home/becker/bin/avr-gcc-7.2/lib/gcc/avr/7.2.0/avr51/libgcc.a(_udivmodhi4.o)
 *(.bss*)
 *(COMMON)
 COMMON         0x0000000000800100       0xd2 cnt.o
                0x0000000000800100                Seed
                0x0000000000800102                Postotal
                0x0000000000800104                Array
                0x00000000008001cc                Negtotal
                0x00000000008001ce                Negcnt
                0x00000000008001d0                Poscnt
                0x00000000008001d2                PROVIDE (__bss_end, .)
                0x0000000000000604                __data_load_start = LOADADDR (.data)
                0x0000000000000604                __data_load_end = (__data_load_start + SIZEOF (.data))

.noinit         0x00000000008001d2        0x0
                [!provide]                        PROVIDE (__noinit_start, .)
 *(.noinit*)
                [!provide]                        PROVIDE (__noinit_end, .)
                0x00000000008001d2                _end = .
                [!provide]                        PROVIDE (__heap_start, .)

.eeprom         0x0000000000810000        0x0
 *(.eeprom*)
                0x0000000000810000                __eeprom_end = .

.fuse
 *(.fuse)
 *(.lfuse)
 *(.hfuse)
 *(.efuse)

.lock
 *(.lock*)

.signature
 *(.signature*)

.stab           0x0000000000000000      0x3c0
 *(.stab)
 .stab          0x0000000000000000      0x144 /home/becker/bin/avr-gcc-7.2/lib/gcc/avr/7.2.0/avr51/libgcc.a(_divmodhi4.o)
 .stab          0x0000000000000144       0x6c /home/becker/bin/avr-gcc-7.2/lib/gcc/avr/7.2.0/avr51/libgcc.a(_exit.o)
                                         0x78 (size before relaxing)
 .stab          0x00000000000001b0       0xb4 /home/becker/bin/avr-gcc-7.2/lib/gcc/avr/7.2.0/avr51/libgcc.a(_clear_bss.o)
                                         0xc0 (size before relaxing)
 .stab          0x0000000000000264      0x15c /home/becker/bin/avr-gcc-7.2/lib/gcc/avr/7.2.0/avr51/libgcc.a(_udivmodhi4.o)
                                        0x168 (size before relaxing)

.stabstr        0x0000000000000000       0xb9
 *(.stabstr)
 .stabstr       0x0000000000000000       0xb9 /home/becker/bin/avr-gcc-7.2/lib/gcc/avr/7.2.0/avr51/libgcc.a(_divmodhi4.o)

.stab.excl
 *(.stab.excl)

.stab.exclstr
 *(.stab.exclstr)

.stab.index
 *(.stab.index)

.stab.indexstr
 *(.stab.indexstr)

.comment        0x0000000000000000       0x11
 *(.comment)
 .comment       0x0000000000000000       0x11 cnt.o
                                         0x12 (size before relaxing)

.note.gnu.avr.deviceinfo
                0x0000000000000000       0x3c
 .note.gnu.avr.deviceinfo
                0x0000000000000000       0x3c /home/becker/bin/avr-gcc-7.2/lib/gcc/avr/7.2.0/../../../../avr/lib/avr51/crtatmega128.o

.note.gnu.build-id
 *(.note.gnu.build-id)

.debug
 *(.debug)

.line
 *(.line)

.debug_srcinfo
 *(.debug_srcinfo)

.debug_sfnames
 *(.debug_sfnames)

.debug_aranges  0x0000000000000000       0x20
 *(.debug_aranges)
 .debug_aranges
                0x0000000000000000       0x20 cnt.o

.debug_pubnames
 *(.debug_pubnames)

.debug_info     0x0000000000000000      0x9e0
 *(.debug_info .gnu.linkonce.wi.*)
 .debug_info    0x0000000000000000      0x780 /home/becker/bin/avr-gcc-7.2/lib/gcc/avr/7.2.0/../../../../avr/lib/avr51/crtatmega128.o
 .debug_info    0x0000000000000780      0x260 cnt.o

.debug_abbrev   0x0000000000000000      0x803
 *(.debug_abbrev)
 .debug_abbrev  0x0000000000000000      0x718 /home/becker/bin/avr-gcc-7.2/lib/gcc/avr/7.2.0/../../../../avr/lib/avr51/crtatmega128.o
 .debug_abbrev  0x0000000000000718       0xeb cnt.o

.debug_line     0x0000000000000000      0x1b1
 *(.debug_line .debug_line.* .debug_line_end)
 .debug_line    0x0000000000000000       0x1d /home/becker/bin/avr-gcc-7.2/lib/gcc/avr/7.2.0/../../../../avr/lib/avr51/crtatmega128.o
 .debug_line    0x000000000000001d      0x194 cnt.o

.debug_frame    0x0000000000000000      0x134
 *(.debug_frame)
 .debug_frame   0x0000000000000000      0x134 cnt.o

.debug_str      0x0000000000000000      0x412
 *(.debug_str)
 .debug_str     0x0000000000000000      0x27d /home/becker/bin/avr-gcc-7.2/lib/gcc/avr/7.2.0/../../../../avr/lib/avr51/crtatmega128.o
 .debug_str     0x000000000000027d      0x195 cnt.o
                                        0x19a (size before relaxing)

.debug_loc      0x0000000000000000      0x23d
 *(.debug_loc)
 .debug_loc     0x0000000000000000      0x23d cnt.o

.debug_macinfo
 *(.debug_macinfo)

.debug_weaknames
 *(.debug_weaknames)

.debug_funcnames
 *(.debug_funcnames)

.debug_typenames
 *(.debug_typenames)

.debug_varnames
 *(.debug_varnames)

.debug_pubtypes
 *(.debug_pubtypes)

.debug_ranges
 *(.debug_ranges)

.debug_macro
 *(.debug_macro)

.debug_addr
 *(.debug_addr)
OUTPUT(main.elf elf32-avr)
LOAD linker stubs

Cross Reference Table

Symbol                                            File
Array                                             cnt.o
InitSeed                                          cnt.o
Initialize                                        cnt.o
Negcnt                                            cnt.o
Negtotal                                          cnt.o
Poscnt                                            cnt.o
Postotal                                          cnt.o
RandomInteger                                     cnt.o
Seed                                              cnt.o
Sum                                               cnt.o
Test                                              cnt.o
__bad_interrupt                                   /home/becker/bin/avr-gcc-7.2/lib/gcc/avr/7.2.0/../../../../avr/lib/avr51/crtatmega128.o
__bss_end                                         /home/becker/bin/avr-gcc-7.2/lib/gcc/avr/7.2.0/avr51/libgcc.a(_clear_bss.o)
__bss_start                                       /home/becker/bin/avr-gcc-7.2/lib/gcc/avr/7.2.0/avr51/libgcc.a(_clear_bss.o)
__divmodhi4                                       /home/becker/bin/avr-gcc-7.2/lib/gcc/avr/7.2.0/avr51/libgcc.a(_divmodhi4.o)
                                                  cnt.o
__divsf3                                          /home/becker/bin/avr-gcc-7.2/lib/gcc/avr/7.2.0/../../../../avr/lib/avr51/libm.a(divsf3.o)
                                                  cnt.o
__divsf3_pse                                      /home/becker/bin/avr-gcc-7.2/lib/gcc/avr/7.2.0/../../../../avr/lib/avr51/libm.a(divsf3x.o)
__divsf3x                                         /home/becker/bin/avr-gcc-7.2/lib/gcc/avr/7.2.0/../../../../avr/lib/avr51/libm.a(divsf3x.o)
                                                  /home/becker/bin/avr-gcc-7.2/lib/gcc/avr/7.2.0/../../../../avr/lib/avr51/libm.a(divsf3.o)
__do_clear_bss                                    /home/becker/bin/avr-gcc-7.2/lib/gcc/avr/7.2.0/avr51/libgcc.a(_clear_bss.o)
                                                  cnt.o
__floatsisf                                       /home/becker/bin/avr-gcc-7.2/lib/gcc/avr/7.2.0/../../../../avr/lib/avr51/libm.a(floatsisf.o)
                                                  cnt.o
__floatunsisf                                     /home/becker/bin/avr-gcc-7.2/lib/gcc/avr/7.2.0/../../../../avr/lib/avr51/libm.a(floatsisf.o)
__fp_inf                                          /home/becker/bin/avr-gcc-7.2/lib/gcc/avr/7.2.0/../../../../avr/lib/avr51/libm.a(fp_inf.o)
                                                  /home/becker/bin/avr-gcc-7.2/lib/gcc/avr/7.2.0/../../../../avr/lib/avr51/libm.a(divsf3x.o)
__fp_nan                                          /home/becker/bin/avr-gcc-7.2/lib/gcc/avr/7.2.0/../../../../avr/lib/avr51/libm.a(fp_nan.o)
                                                  /home/becker/bin/avr-gcc-7.2/lib/gcc/avr/7.2.0/../../../../avr/lib/avr51/libm.a(divsf3x.o)
__fp_pscA                                         /home/becker/bin/avr-gcc-7.2/lib/gcc/avr/7.2.0/../../../../avr/lib/avr51/libm.a(fp_pscA.o)
                                                  /home/becker/bin/avr-gcc-7.2/lib/gcc/avr/7.2.0/../../../../avr/lib/avr51/libm.a(divsf3x.o)
__fp_pscB                                         /home/becker/bin/avr-gcc-7.2/lib/gcc/avr/7.2.0/../../../../avr/lib/avr51/libm.a(fp_pscB.o)
                                                  /home/becker/bin/avr-gcc-7.2/lib/gcc/avr/7.2.0/../../../../avr/lib/avr51/libm.a(divsf3x.o)
__fp_round                                        /home/becker/bin/avr-gcc-7.2/lib/gcc/avr/7.2.0/../../../../avr/lib/avr51/libm.a(fp_round.o)
                                                  /home/becker/bin/avr-gcc-7.2/lib/gcc/avr/7.2.0/../../../../avr/lib/avr51/libm.a(divsf3.o)
__fp_split3                                       /home/becker/bin/avr-gcc-7.2/lib/gcc/avr/7.2.0/../../../../avr/lib/avr51/libm.a(fp_split3.o)
                                                  /home/becker/bin/avr-gcc-7.2/lib/gcc/avr/7.2.0/../../../../avr/lib/avr51/libm.a(divsf3x.o)
__fp_splitA                                       /home/becker/bin/avr-gcc-7.2/lib/gcc/avr/7.2.0/../../../../avr/lib/avr51/libm.a(fp_split3.o)
__fp_szero                                        /home/becker/bin/avr-gcc-7.2/lib/gcc/avr/7.2.0/../../../../avr/lib/avr51/libm.a(fp_zero.o)
                                                  /home/becker/bin/avr-gcc-7.2/lib/gcc/avr/7.2.0/../../../../avr/lib/avr51/libm.a(divsf3x.o)
__fp_zero                                         /home/becker/bin/avr-gcc-7.2/lib/gcc/avr/7.2.0/../../../../avr/lib/avr51/libm.a(fp_zero.o)
__heap_end                                        /home/becker/bin/avr-gcc-7.2/lib/gcc/avr/7.2.0/../../../../avr/lib/avr51/crtatmega128.o
__init                                            /home/becker/bin/avr-gcc-7.2/lib/gcc/avr/7.2.0/../../../../avr/lib/avr51/crtatmega128.o
__stack                                           /home/becker/bin/avr-gcc-7.2/lib/gcc/avr/7.2.0/../../../../avr/lib/avr51/crtatmega128.o
__udivmodhi4                                      /home/becker/bin/avr-gcc-7.2/lib/gcc/avr/7.2.0/avr51/libgcc.a(_udivmodhi4.o)
                                                  /home/becker/bin/avr-gcc-7.2/lib/gcc/avr/7.2.0/avr51/libgcc.a(_divmodhi4.o)
__vector_1                                        /home/becker/bin/avr-gcc-7.2/lib/gcc/avr/7.2.0/../../../../avr/lib/avr51/crtatmega128.o
__vector_10                                       /home/becker/bin/avr-gcc-7.2/lib/gcc/avr/7.2.0/../../../../avr/lib/avr51/crtatmega128.o
__vector_11                                       /home/becker/bin/avr-gcc-7.2/lib/gcc/avr/7.2.0/../../../../avr/lib/avr51/crtatmega128.o
__vector_12                                       /home/becker/bin/avr-gcc-7.2/lib/gcc/avr/7.2.0/../../../../avr/lib/avr51/crtatmega128.o
__vector_13                                       /home/becker/bin/avr-gcc-7.2/lib/gcc/avr/7.2.0/../../../../avr/lib/avr51/crtatmega128.o
__vector_14                                       /home/becker/bin/avr-gcc-7.2/lib/gcc/avr/7.2.0/../../../../avr/lib/avr51/crtatmega128.o
__vector_15                                       /home/becker/bin/avr-gcc-7.2/lib/gcc/avr/7.2.0/../../../../avr/lib/avr51/crtatmega128.o
__vector_16                                       /home/becker/bin/avr-gcc-7.2/lib/gcc/avr/7.2.0/../../../../avr/lib/avr51/crtatmega128.o
__vector_17                                       /home/becker/bin/avr-gcc-7.2/lib/gcc/avr/7.2.0/../../../../avr/lib/avr51/crtatmega128.o
__vector_18                                       /home/becker/bin/avr-gcc-7.2/lib/gcc/avr/7.2.0/../../../../avr/lib/avr51/crtatmega128.o
__vector_19                                       /home/becker/bin/avr-gcc-7.2/lib/gcc/avr/7.2.0/../../../../avr/lib/avr51/crtatmega128.o
__vector_2                                        /home/becker/bin/avr-gcc-7.2/lib/gcc/avr/7.2.0/../../../../avr/lib/avr51/crtatmega128.o
__vector_20                                       /home/becker/bin/avr-gcc-7.2/lib/gcc/avr/7.2.0/../../../../avr/lib/avr51/crtatmega128.o
__vector_21                                       /home/becker/bin/avr-gcc-7.2/lib/gcc/avr/7.2.0/../../../../avr/lib/avr51/crtatmega128.o
__vector_22                                       /home/becker/bin/avr-gcc-7.2/lib/gcc/avr/7.2.0/../../../../avr/lib/avr51/crtatmega128.o
__vector_23                                       /home/becker/bin/avr-gcc-7.2/lib/gcc/avr/7.2.0/../../../../avr/lib/avr51/crtatmega128.o
__vector_24                                       /home/becker/bin/avr-gcc-7.2/lib/gcc/avr/7.2.0/../../../../avr/lib/avr51/crtatmega128.o
__vector_25                                       /home/becker/bin/avr-gcc-7.2/lib/gcc/avr/7.2.0/../../../../avr/lib/avr51/crtatmega128.o
__vector_26                                       /home/becker/bin/avr-gcc-7.2/lib/gcc/avr/7.2.0/../../../../avr/lib/avr51/crtatmega128.o
__vector_27                                       /home/becker/bin/avr-gcc-7.2/lib/gcc/avr/7.2.0/../../../../avr/lib/avr51/crtatmega128.o
__vector_28                                       /home/becker/bin/avr-gcc-7.2/lib/gcc/avr/7.2.0/../../../../avr/lib/avr51/crtatmega128.o
__vector_29                                       /home/becker/bin/avr-gcc-7.2/lib/gcc/avr/7.2.0/../../../../avr/lib/avr51/crtatmega128.o
__vector_3                                        /home/becker/bin/avr-gcc-7.2/lib/gcc/avr/7.2.0/../../../../avr/lib/avr51/crtatmega128.o
__vector_30                                       /home/becker/bin/avr-gcc-7.2/lib/gcc/avr/7.2.0/../../../../avr/lib/avr51/crtatmega128.o
__vector_31                                       /home/becker/bin/avr-gcc-7.2/lib/gcc/avr/7.2.0/../../../../avr/lib/avr51/crtatmega128.o
__vector_32                                       /home/becker/bin/avr-gcc-7.2/lib/gcc/avr/7.2.0/../../../../avr/lib/avr51/crtatmega128.o
__vector_33                                       /home/becker/bin/avr-gcc-7.2/lib/gcc/avr/7.2.0/../../../../avr/lib/avr51/crtatmega128.o
__vector_34                                       /home/becker/bin/avr-gcc-7.2/lib/gcc/avr/7.2.0/../../../../avr/lib/avr51/crtatmega128.o
__vector_4                                        /home/becker/bin/avr-gcc-7.2/lib/gcc/avr/7.2.0/../../../../avr/lib/avr51/crtatmega128.o
__vector_5                                        /home/becker/bin/avr-gcc-7.2/lib/gcc/avr/7.2.0/../../../../avr/lib/avr51/crtatmega128.o
__vector_6                                        /home/becker/bin/avr-gcc-7.2/lib/gcc/avr/7.2.0/../../../../avr/lib/avr51/crtatmega128.o
__vector_7                                        /home/becker/bin/avr-gcc-7.2/lib/gcc/avr/7.2.0/../../../../avr/lib/avr51/crtatmega128.o
__vector_8                                        /home/becker/bin/avr-gcc-7.2/lib/gcc/avr/7.2.0/../../../../avr/lib/avr51/crtatmega128.o
__vector_9                                        /home/becker/bin/avr-gcc-7.2/lib/gcc/avr/7.2.0/../../../../avr/lib/avr51/crtatmega128.o
__vector_default                                  /home/becker/bin/avr-gcc-7.2/lib/gcc/avr/7.2.0/../../../../avr/lib/avr51/crtatmega128.o
__vectors                                         /home/becker/bin/avr-gcc-7.2/lib/gcc/avr/7.2.0/../../../../avr/lib/avr51/crtatmega128.o
_div                                              /home/becker/bin/avr-gcc-7.2/lib/gcc/avr/7.2.0/avr51/libgcc.a(_divmodhi4.o)
_exit                                             /home/becker/bin/avr-gcc-7.2/lib/gcc/avr/7.2.0/avr51/libgcc.a(_exit.o)
exit                                              /home/becker/bin/avr-gcc-7.2/lib/gcc/avr/7.2.0/avr51/libgcc.a(_exit.o)
                                                  /home/becker/bin/avr-gcc-7.2/lib/gcc/avr/7.2.0/../../../../avr/lib/avr51/crtatmega128.o
main                                              cnt.o
                                                  /home/becker/bin/avr-gcc-7.2/lib/gcc/avr/7.2.0/../../../../avr/lib/avr51/crtatmega128.o
