Archive member included because of file (symbol)

/usr/lib/gcc/avr/4.7.2/avr51/libgcc.a(_mulsi3.o)
                              prime.o (__mulsi3)
/usr/lib/gcc/avr/4.7.2/avr51/libgcc.a(_udivmodsi4.o)
                              prime.o (__udivmodsi4)
/usr/lib/gcc/avr/4.7.2/avr51/libgcc.a(_exit.o)
                              /usr/lib/gcc/avr/4.7.2/../../../avr/lib/avr51/crtm128.o (exit)
/usr/lib/gcc/avr/4.7.2/avr51/libgcc.a(_muluhisi3.o)
                              /usr/lib/gcc/avr/4.7.2/avr51/libgcc.a(_mulsi3.o) (__muluhisi3)
/usr/lib/gcc/avr/4.7.2/avr51/libgcc.a(_umulhisi3.o)
                              /usr/lib/gcc/avr/4.7.2/avr51/libgcc.a(_muluhisi3.o) (__umulhisi3)

Memory Configuration

Name             Origin             Length             Attributes
text             0x0000000000000000 0x0000000000020000 xr
data             0x0000000000800100 0x000000000000ff00 rw !x
eeprom           0x0000000000810000 0x0000000000010000 rw !x
fuse             0x0000000000820000 0x0000000000000400 rw !x
lock             0x0000000000830000 0x0000000000000400 rw !x
signature        0x0000000000840000 0x0000000000000400 rw !x
*default*        0x0000000000000000 0xffffffffffffffff

Linker script and memory map

Address of section .data set to 0x800100
LOAD /usr/lib/gcc/avr/4.7.2/../../../avr/lib/avr51/crtm128.o
LOAD prime.o
LOAD /usr/lib/gcc/avr/4.7.2/../../../avr/lib/avr51/libm.a
LOAD /usr/lib/gcc/avr/4.7.2/avr51/libgcc.a
LOAD /usr/lib/gcc/avr/4.7.2/../../../avr/lib/avr51/libc.a
LOAD /usr/lib/gcc/avr/4.7.2/avr51/libgcc.a

.hash
 *(.hash)

.dynsym
 *(.dynsym)

.dynstr
 *(.dynstr)

.gnu.version
 *(.gnu.version)

.gnu.version_d
 *(.gnu.version_d)

.gnu.version_r
 *(.gnu.version_r)

.rel.init
 *(.rel.init)

.rela.init
 *(.rela.init)

.rel.text
 *(.rel.text)
 *(.rel.text.*)
 *(.rel.gnu.linkonce.t*)

.rela.text
 *(.rela.text)
 *(.rela.text.*)
 *(.rela.gnu.linkonce.t*)

.rel.fini
 *(.rel.fini)

.rela.fini
 *(.rela.fini)

.rel.rodata
 *(.rel.rodata)
 *(.rel.rodata.*)
 *(.rel.gnu.linkonce.r*)

.rela.rodata
 *(.rela.rodata)
 *(.rela.rodata.*)
 *(.rela.gnu.linkonce.r*)

.rel.data
 *(.rel.data)
 *(.rel.data.*)
 *(.rel.gnu.linkonce.d*)

.rela.data
 *(.rela.data)
 *(.rela.data.*)
 *(.rela.gnu.linkonce.d*)

.rel.ctors
 *(.rel.ctors)

.rela.ctors
 *(.rela.ctors)

.rel.dtors
 *(.rel.dtors)

.rela.dtors
 *(.rela.dtors)

.rel.got
 *(.rel.got)

.rela.got
 *(.rela.got)

.rel.bss
 *(.rel.bss)

.rela.bss
 *(.rela.bss)

.rel.plt
 *(.rel.plt)

.rela.plt
 *(.rela.plt)

.text           0x0000000000000000      0x3cc
 *(.vectors)
 .vectors       0x0000000000000000       0x8c /usr/lib/gcc/avr/4.7.2/../../../avr/lib/avr51/crtm128.o
                0x0000000000000000                __vectors
                0x0000000000000000                __vector_default
 *(.vectors)
 *(.progmem.gcc*)
 *(.progmem*)
                0x000000000000008c                . = ALIGN (0x2)
                0x000000000000008c                __trampolines_start = .
 *(.trampolines)
 .trampolines   0x000000000000008c        0x0 linker stubs
 *(.trampolines*)
                0x000000000000008c                __trampolines_end = .
 *(.jumptables)
 *(.jumptables*)
 *(.lowtext)
 *(.lowtext*)
                0x000000000000008c                __ctors_start = .
 *(.ctors)
                0x000000000000008c                __ctors_end = .
                0x000000000000008c                __dtors_start = .
 *(.dtors)
                0x000000000000008c                __dtors_end = .
 SORT(*)(.ctors)
 SORT(*)(.dtors)
 *(.init0)
 .init0         0x000000000000008c        0x0 /usr/lib/gcc/avr/4.7.2/../../../avr/lib/avr51/crtm128.o
                0x000000000000008c                __init
 *(.init0)
 *(.init1)
 *(.init1)
 *(.init2)
 .init2         0x000000000000008c        0xc /usr/lib/gcc/avr/4.7.2/../../../avr/lib/avr51/crtm128.o
 *(.init2)
 *(.init3)
 *(.init3)
 *(.init4)
 *(.init4)
 *(.init5)
 *(.init5)
 *(.init6)
 *(.init6)
 *(.init7)
 *(.init7)
 *(.init8)
 *(.init8)
 *(.init9)
 .init9         0x0000000000000098        0x8 /usr/lib/gcc/avr/4.7.2/../../../avr/lib/avr51/crtm128.o
 *(.init9)
 *(.text)
 .text          0x00000000000000a0        0x4 /usr/lib/gcc/avr/4.7.2/../../../avr/lib/avr51/crtm128.o
                0x00000000000000a0                __vector_22
                0x00000000000000a0                __vector_28
                0x00000000000000a0                __vector_1
                0x00000000000000a0                __vector_32
                0x00000000000000a0                __vector_34
                0x00000000000000a0                __vector_24
                0x00000000000000a0                __vector_12
                0x00000000000000a0                __bad_interrupt
                0x00000000000000a0                __vector_6
                0x00000000000000a0                __vector_31
                0x00000000000000a0                __vector_3
                0x00000000000000a0                __vector_23
                0x00000000000000a0                __vector_30
                0x00000000000000a0                __vector_25
                0x00000000000000a0                __vector_11
                0x00000000000000a0                __vector_13
                0x00000000000000a0                __vector_17
                0x00000000000000a0                __vector_19
                0x00000000000000a0                __vector_7
                0x00000000000000a0                __vector_27
                0x00000000000000a0                __vector_5
                0x00000000000000a0                __vector_33
                0x00000000000000a0                __vector_4
                0x00000000000000a0                __vector_9
                0x00000000000000a0                __vector_2
                0x00000000000000a0                __vector_21
                0x00000000000000a0                __vector_15
                0x00000000000000a0                __vector_29
                0x00000000000000a0                __vector_8
                0x00000000000000a0                __vector_26
                0x00000000000000a0                __vector_14
                0x00000000000000a0                __vector_10
                0x00000000000000a0                __vector_16
                0x00000000000000a0                __vector_18
                0x00000000000000a0                __vector_20
 .text          0x00000000000000a4      0x292 prime.o
                0x00000000000000a4                divides
                0x0000000000000104                even
                0x000000000000013e                prime
                0x000000000000023a                swap
                0x00000000000002b0                main
 .text          0x0000000000000336        0x0 /usr/lib/gcc/avr/4.7.2/avr51/libgcc.a(_mulsi3.o)
 .text          0x0000000000000336        0x0 /usr/lib/gcc/avr/4.7.2/avr51/libgcc.a(_udivmodsi4.o)
 .text          0x0000000000000336        0x0 /usr/lib/gcc/avr/4.7.2/avr51/libgcc.a(_exit.o)
 .text          0x0000000000000336        0x0 /usr/lib/gcc/avr/4.7.2/avr51/libgcc.a(_muluhisi3.o)
 .text          0x0000000000000336        0x0 /usr/lib/gcc/avr/4.7.2/avr51/libgcc.a(_umulhisi3.o)
                0x0000000000000336                . = ALIGN (0x2)
 *(.text.*)
 .text.libgcc.mul
                0x0000000000000336       0x20 /usr/lib/gcc/avr/4.7.2/avr51/libgcc.a(_mulsi3.o)
                0x0000000000000336                __mulsi3
 .text.libgcc.div
                0x0000000000000356        0x0 /usr/lib/gcc/avr/4.7.2/avr51/libgcc.a(_mulsi3.o)
 .text.libgcc   0x0000000000000356        0x0 /usr/lib/gcc/avr/4.7.2/avr51/libgcc.a(_mulsi3.o)
 .text.libgcc.prologue
                0x0000000000000356        0x0 /usr/lib/gcc/avr/4.7.2/avr51/libgcc.a(_mulsi3.o)
 .text.libgcc.builtins
                0x0000000000000356        0x0 /usr/lib/gcc/avr/4.7.2/avr51/libgcc.a(_mulsi3.o)
 .text.libgcc.fmul
                0x0000000000000356        0x0 /usr/lib/gcc/avr/4.7.2/avr51/libgcc.a(_mulsi3.o)
 .text.libgcc.mul
                0x0000000000000356        0x0 /usr/lib/gcc/avr/4.7.2/avr51/libgcc.a(_udivmodsi4.o)
 .text.libgcc.div
                0x0000000000000356       0x44 /usr/lib/gcc/avr/4.7.2/avr51/libgcc.a(_udivmodsi4.o)
                0x0000000000000356                __udivmodsi4
 .text.libgcc   0x000000000000039a        0x0 /usr/lib/gcc/avr/4.7.2/avr51/libgcc.a(_udivmodsi4.o)
 .text.libgcc.prologue
                0x000000000000039a        0x0 /usr/lib/gcc/avr/4.7.2/avr51/libgcc.a(_udivmodsi4.o)
 .text.libgcc.builtins
                0x000000000000039a        0x0 /usr/lib/gcc/avr/4.7.2/avr51/libgcc.a(_udivmodsi4.o)
 .text.libgcc.fmul
                0x000000000000039a        0x0 /usr/lib/gcc/avr/4.7.2/avr51/libgcc.a(_udivmodsi4.o)
 .text.libgcc.mul
                0x000000000000039a        0x0 /usr/lib/gcc/avr/4.7.2/avr51/libgcc.a(_exit.o)
 .text.libgcc.div
                0x000000000000039a        0x0 /usr/lib/gcc/avr/4.7.2/avr51/libgcc.a(_exit.o)
 .text.libgcc   0x000000000000039a        0x0 /usr/lib/gcc/avr/4.7.2/avr51/libgcc.a(_exit.o)
 .text.libgcc.prologue
                0x000000000000039a        0x0 /usr/lib/gcc/avr/4.7.2/avr51/libgcc.a(_exit.o)
 .text.libgcc.builtins
                0x000000000000039a        0x0 /usr/lib/gcc/avr/4.7.2/avr51/libgcc.a(_exit.o)
 .text.libgcc.fmul
                0x000000000000039a        0x0 /usr/lib/gcc/avr/4.7.2/avr51/libgcc.a(_exit.o)
 .text.libgcc.mul
                0x000000000000039a       0x16 /usr/lib/gcc/avr/4.7.2/avr51/libgcc.a(_muluhisi3.o)
                0x000000000000039a                __muluhisi3
 .text.libgcc.div
                0x00000000000003b0        0x0 /usr/lib/gcc/avr/4.7.2/avr51/libgcc.a(_muluhisi3.o)
 .text.libgcc   0x00000000000003b0        0x0 /usr/lib/gcc/avr/4.7.2/avr51/libgcc.a(_muluhisi3.o)
 .text.libgcc.prologue
                0x00000000000003b0        0x0 /usr/lib/gcc/avr/4.7.2/avr51/libgcc.a(_muluhisi3.o)
 .text.libgcc.builtins
                0x00000000000003b0        0x0 /usr/lib/gcc/avr/4.7.2/avr51/libgcc.a(_muluhisi3.o)
 .text.libgcc.fmul
                0x00000000000003b0        0x0 /usr/lib/gcc/avr/4.7.2/avr51/libgcc.a(_muluhisi3.o)
 .text.libgcc.mul
                0x00000000000003b0       0x18 /usr/lib/gcc/avr/4.7.2/avr51/libgcc.a(_umulhisi3.o)
                0x00000000000003b0                __umulhisi3
 .text.libgcc.div
                0x00000000000003c8        0x0 /usr/lib/gcc/avr/4.7.2/avr51/libgcc.a(_umulhisi3.o)
 .text.libgcc   0x00000000000003c8        0x0 /usr/lib/gcc/avr/4.7.2/avr51/libgcc.a(_umulhisi3.o)
 .text.libgcc.prologue
                0x00000000000003c8        0x0 /usr/lib/gcc/avr/4.7.2/avr51/libgcc.a(_umulhisi3.o)
 .text.libgcc.builtins
                0x00000000000003c8        0x0 /usr/lib/gcc/avr/4.7.2/avr51/libgcc.a(_umulhisi3.o)
 .text.libgcc.fmul
                0x00000000000003c8        0x0 /usr/lib/gcc/avr/4.7.2/avr51/libgcc.a(_umulhisi3.o)
                0x00000000000003c8                . = ALIGN (0x2)
 *(.fini9)
 .fini9         0x00000000000003c8        0x0 /usr/lib/gcc/avr/4.7.2/avr51/libgcc.a(_exit.o)
                0x00000000000003c8                exit
                0x00000000000003c8                _exit
 *(.fini9)
 *(.fini8)
 *(.fini8)
 *(.fini7)
 *(.fini7)
 *(.fini6)
 *(.fini6)
 *(.fini5)
 *(.fini5)
 *(.fini4)
 *(.fini4)
 *(.fini3)
 *(.fini3)
 *(.fini2)
 *(.fini2)
 *(.fini1)
 *(.fini1)
 *(.fini0)
 .fini0         0x00000000000003c8        0x4 /usr/lib/gcc/avr/4.7.2/avr51/libgcc.a(_exit.o)
 *(.fini0)
                0x00000000000003cc                _etext = .

.data           0x0000000000800100        0x0 load address 0x00000000000003cc
                0x0000000000800100                PROVIDE (__data_start, .)
 *(.data)
 .data          0x0000000000800100        0x0 /usr/lib/gcc/avr/4.7.2/../../../avr/lib/avr51/crtm128.o
 .data          0x0000000000800100        0x0 prime.o
 .data          0x0000000000800100        0x0 /usr/lib/gcc/avr/4.7.2/avr51/libgcc.a(_mulsi3.o)
 .data          0x0000000000800100        0x0 /usr/lib/gcc/avr/4.7.2/avr51/libgcc.a(_udivmodsi4.o)
 .data          0x0000000000800100        0x0 /usr/lib/gcc/avr/4.7.2/avr51/libgcc.a(_exit.o)
 .data          0x0000000000800100        0x0 /usr/lib/gcc/avr/4.7.2/avr51/libgcc.a(_muluhisi3.o)
 .data          0x0000000000800100        0x0 /usr/lib/gcc/avr/4.7.2/avr51/libgcc.a(_umulhisi3.o)
 *(.data*)
 *(.rodata)
 *(.rodata*)
 *(.gnu.linkonce.d*)
                0x0000000000800100                . = ALIGN (0x2)
                0x0000000000800100                _edata = .
                0x0000000000800100                PROVIDE (__data_end, .)

.bss            0x0000000000800100        0x0
                0x0000000000800100                PROVIDE (__bss_start, .)
 *(.bss)
 .bss           0x0000000000800100        0x0 /usr/lib/gcc/avr/4.7.2/../../../avr/lib/avr51/crtm128.o
 .bss           0x0000000000800100        0x0 prime.o
 .bss           0x0000000000800100        0x0 /usr/lib/gcc/avr/4.7.2/avr51/libgcc.a(_mulsi3.o)
 .bss           0x0000000000800100        0x0 /usr/lib/gcc/avr/4.7.2/avr51/libgcc.a(_udivmodsi4.o)
 .bss           0x0000000000800100        0x0 /usr/lib/gcc/avr/4.7.2/avr51/libgcc.a(_exit.o)
 .bss           0x0000000000800100        0x0 /usr/lib/gcc/avr/4.7.2/avr51/libgcc.a(_muluhisi3.o)
 .bss           0x0000000000800100        0x0 /usr/lib/gcc/avr/4.7.2/avr51/libgcc.a(_umulhisi3.o)
 *(.bss*)
 *(COMMON)
                0x0000000000800100                PROVIDE (__bss_end, .)
                0x00000000000003cc                __data_load_start = LOADADDR (.data)
                0x00000000000003cc                __data_load_end = (__data_load_start + SIZEOF (.data))

.noinit         0x0000000000800100        0x0
                0x0000000000800100                PROVIDE (__noinit_start, .)
 *(.noinit*)
                0x0000000000800100                PROVIDE (__noinit_end, .)
                0x0000000000800100                _end = .
                0x0000000000800100                PROVIDE (__heap_start, .)

.eeprom         0x0000000000810000        0x0
 *(.eeprom*)
                0x0000000000810000                __eeprom_end = .

.fuse
 *(.fuse)
 *(.lfuse)
 *(.hfuse)
 *(.efuse)

.lock
 *(.lock*)

.signature
 *(.signature*)

.stab           0x0000000000000000      0x6cc
 *(.stab)
 .stab          0x0000000000000000      0x6cc /usr/lib/gcc/avr/4.7.2/../../../avr/lib/avr51/crtm128.o

.stabstr        0x0000000000000000       0x54
 *(.stabstr)
 .stabstr       0x0000000000000000       0x54 /usr/lib/gcc/avr/4.7.2/../../../avr/lib/avr51/crtm128.o

.stab.excl
 *(.stab.excl)

.stab.exclstr
 *(.stab.exclstr)

.stab.index
 *(.stab.index)

.stab.indexstr
 *(.stab.indexstr)

.comment        0x0000000000000000       0x11
 *(.comment)
 .comment       0x0000000000000000       0x11 prime.o
                                         0x12 (size before relaxing)

.debug
 *(.debug)

.line
 *(.line)

.debug_srcinfo
 *(.debug_srcinfo)

.debug_sfnames
 *(.debug_sfnames)

.debug_aranges  0x0000000000000000       0x20
 *(.debug_aranges)
 .debug_aranges
                0x0000000000000000       0x20 prime.o

.debug_pubnames
 *(.debug_pubnames)

.debug_info     0x0000000000000000      0x191
 *(.debug_info)
 .debug_info    0x0000000000000000      0x191 prime.o
 *(.gnu.linkonce.wi.*)

.debug_abbrev   0x0000000000000000       0xc8
 *(.debug_abbrev)
 .debug_abbrev  0x0000000000000000       0xc8 prime.o

.debug_line     0x0000000000000000       0xc0
 *(.debug_line)
 .debug_line    0x0000000000000000       0xc0 prime.o

.debug_frame    0x0000000000000000       0xb4
 *(.debug_frame)
 .debug_frame   0x0000000000000000       0xb4 prime.o

.debug_str      0x0000000000000000       0xb2
 *(.debug_str)
 .debug_str     0x0000000000000000       0xb2 prime.o
                                         0xec (size before relaxing)

.debug_loc      0x0000000000000000      0x164
 *(.debug_loc)
 .debug_loc     0x0000000000000000      0x164 prime.o

.debug_macinfo
 *(.debug_macinfo)
OUTPUT(main.elf elf32-avr)
LOAD linker stubs

Cross Reference Table

Symbol                                            File
__bad_interrupt                                   /usr/lib/gcc/avr/4.7.2/../../../avr/lib/avr51/crtm128.o
__heap_end                                        /usr/lib/gcc/avr/4.7.2/../../../avr/lib/avr51/crtm128.o
__init                                            /usr/lib/gcc/avr/4.7.2/../../../avr/lib/avr51/crtm128.o
__mulsi3                                          /usr/lib/gcc/avr/4.7.2/avr51/libgcc.a(_mulsi3.o)
                                                  prime.o
__muluhisi3                                       /usr/lib/gcc/avr/4.7.2/avr51/libgcc.a(_muluhisi3.o)
                                                  /usr/lib/gcc/avr/4.7.2/avr51/libgcc.a(_mulsi3.o)
__stack                                           /usr/lib/gcc/avr/4.7.2/../../../avr/lib/avr51/crtm128.o
__udivmodsi4                                      /usr/lib/gcc/avr/4.7.2/avr51/libgcc.a(_udivmodsi4.o)
                                                  prime.o
__umulhisi3                                       /usr/lib/gcc/avr/4.7.2/avr51/libgcc.a(_umulhisi3.o)
                                                  /usr/lib/gcc/avr/4.7.2/avr51/libgcc.a(_muluhisi3.o)
__vector_1                                        /usr/lib/gcc/avr/4.7.2/../../../avr/lib/avr51/crtm128.o
__vector_10                                       /usr/lib/gcc/avr/4.7.2/../../../avr/lib/avr51/crtm128.o
__vector_11                                       /usr/lib/gcc/avr/4.7.2/../../../avr/lib/avr51/crtm128.o
__vector_12                                       /usr/lib/gcc/avr/4.7.2/../../../avr/lib/avr51/crtm128.o
__vector_13                                       /usr/lib/gcc/avr/4.7.2/../../../avr/lib/avr51/crtm128.o
__vector_14                                       /usr/lib/gcc/avr/4.7.2/../../../avr/lib/avr51/crtm128.o
__vector_15                                       /usr/lib/gcc/avr/4.7.2/../../../avr/lib/avr51/crtm128.o
__vector_16                                       /usr/lib/gcc/avr/4.7.2/../../../avr/lib/avr51/crtm128.o
__vector_17                                       /usr/lib/gcc/avr/4.7.2/../../../avr/lib/avr51/crtm128.o
__vector_18                                       /usr/lib/gcc/avr/4.7.2/../../../avr/lib/avr51/crtm128.o
__vector_19                                       /usr/lib/gcc/avr/4.7.2/../../../avr/lib/avr51/crtm128.o
__vector_2                                        /usr/lib/gcc/avr/4.7.2/../../../avr/lib/avr51/crtm128.o
__vector_20                                       /usr/lib/gcc/avr/4.7.2/../../../avr/lib/avr51/crtm128.o
__vector_21                                       /usr/lib/gcc/avr/4.7.2/../../../avr/lib/avr51/crtm128.o
__vector_22                                       /usr/lib/gcc/avr/4.7.2/../../../avr/lib/avr51/crtm128.o
__vector_23                                       /usr/lib/gcc/avr/4.7.2/../../../avr/lib/avr51/crtm128.o
__vector_24                                       /usr/lib/gcc/avr/4.7.2/../../../avr/lib/avr51/crtm128.o
__vector_25                                       /usr/lib/gcc/avr/4.7.2/../../../avr/lib/avr51/crtm128.o
__vector_26                                       /usr/lib/gcc/avr/4.7.2/../../../avr/lib/avr51/crtm128.o
__vector_27                                       /usr/lib/gcc/avr/4.7.2/../../../avr/lib/avr51/crtm128.o
__vector_28                                       /usr/lib/gcc/avr/4.7.2/../../../avr/lib/avr51/crtm128.o
__vector_29                                       /usr/lib/gcc/avr/4.7.2/../../../avr/lib/avr51/crtm128.o
__vector_3                                        /usr/lib/gcc/avr/4.7.2/../../../avr/lib/avr51/crtm128.o
__vector_30                                       /usr/lib/gcc/avr/4.7.2/../../../avr/lib/avr51/crtm128.o
__vector_31                                       /usr/lib/gcc/avr/4.7.2/../../../avr/lib/avr51/crtm128.o
__vector_32                                       /usr/lib/gcc/avr/4.7.2/../../../avr/lib/avr51/crtm128.o
__vector_33                                       /usr/lib/gcc/avr/4.7.2/../../../avr/lib/avr51/crtm128.o
__vector_34                                       /usr/lib/gcc/avr/4.7.2/../../../avr/lib/avr51/crtm128.o
__vector_4                                        /usr/lib/gcc/avr/4.7.2/../../../avr/lib/avr51/crtm128.o
__vector_5                                        /usr/lib/gcc/avr/4.7.2/../../../avr/lib/avr51/crtm128.o
__vector_6                                        /usr/lib/gcc/avr/4.7.2/../../../avr/lib/avr51/crtm128.o
__vector_7                                        /usr/lib/gcc/avr/4.7.2/../../../avr/lib/avr51/crtm128.o
__vector_8                                        /usr/lib/gcc/avr/4.7.2/../../../avr/lib/avr51/crtm128.o
__vector_9                                        /usr/lib/gcc/avr/4.7.2/../../../avr/lib/avr51/crtm128.o
__vector_default                                  /usr/lib/gcc/avr/4.7.2/../../../avr/lib/avr51/crtm128.o
__vectors                                         /usr/lib/gcc/avr/4.7.2/../../../avr/lib/avr51/crtm128.o
_exit                                             /usr/lib/gcc/avr/4.7.2/avr51/libgcc.a(_exit.o)
divides                                           prime.o
even                                              prime.o
exit                                              /usr/lib/gcc/avr/4.7.2/avr51/libgcc.a(_exit.o)
                                                  /usr/lib/gcc/avr/4.7.2/../../../avr/lib/avr51/crtm128.o
main                                              prime.o
                                                  /usr/lib/gcc/avr/4.7.2/../../../avr/lib/avr51/crtm128.o
prime                                             prime.o
swap                                              prime.o
