Archive member included to satisfy reference by file (symbol)

/home/becker/bin/avr-gcc-7.2/lib/gcc/avr/7.2.0/avr51/libgcc.a(_exit.o)
                              /home/becker/bin/avr-gcc-7.2/lib/gcc/avr/7.2.0/../../../../avr/lib/avr51/crtatmega128.o (exit)
/home/becker/bin/avr-gcc-7.2/lib/gcc/avr/7.2.0/avr51/libgcc.a(_copy_data.o)
                              crc.o (__do_copy_data)
/home/becker/bin/avr-gcc-7.2/lib/gcc/avr/7.2.0/avr51/libgcc.a(_clear_bss.o)
                              crc.o (__do_clear_bss)

Memory Configuration

Name             Origin             Length             Attributes
text             0x0000000000000000 0x0000000000020000 xr
data             0x0000000000800100 0x000000000000ff00 rw !x
eeprom           0x0000000000810000 0x0000000000010000 rw !x
fuse             0x0000000000820000 0x0000000000000400 rw !x
lock             0x0000000000830000 0x0000000000000400 rw !x
signature        0x0000000000840000 0x0000000000000400 rw !x
user_signatures  0x0000000000850000 0x0000000000000400 rw !x
*default*        0x0000000000000000 0xffffffffffffffff

Linker script and memory map

Address of section .data set to 0x800100
LOAD /home/becker/bin/avr-gcc-7.2/lib/gcc/avr/7.2.0/../../../../avr/lib/avr51/crtatmega128.o
LOAD crc.o
LOAD /home/becker/bin/avr-gcc-7.2/lib/gcc/avr/7.2.0/../../../../avr/lib/avr51/libm.a
START GROUP
LOAD /home/becker/bin/avr-gcc-7.2/lib/gcc/avr/7.2.0/avr51/libgcc.a
LOAD /home/becker/bin/avr-gcc-7.2/lib/gcc/avr/7.2.0/../../../../avr/lib/avr51/libm.a
LOAD /home/becker/bin/avr-gcc-7.2/lib/gcc/avr/7.2.0/../../../../avr/lib/avr51/libc.a
LOAD /home/becker/bin/avr-gcc-7.2/lib/gcc/avr/7.2.0/../../../../avr/lib/avr51/libatmega128.a
END GROUP
                0x0000000000020000                __TEXT_REGION_LENGTH__ = DEFINED (__TEXT_REGION_LENGTH__)?__TEXT_REGION_LENGTH__:0x20000
                0x000000000000ff00                __DATA_REGION_LENGTH__ = DEFINED (__DATA_REGION_LENGTH__)?__DATA_REGION_LENGTH__:0xff00
                0x0000000000010000                __EEPROM_REGION_LENGTH__ = DEFINED (__EEPROM_REGION_LENGTH__)?__EEPROM_REGION_LENGTH__:0x10000
                0x0000000000000400                __FUSE_REGION_LENGTH__ = DEFINED (__FUSE_REGION_LENGTH__)?__FUSE_REGION_LENGTH__:0x400
                0x0000000000000400                __LOCK_REGION_LENGTH__ = DEFINED (__LOCK_REGION_LENGTH__)?__LOCK_REGION_LENGTH__:0x400
                0x0000000000000400                __SIGNATURE_REGION_LENGTH__ = DEFINED (__SIGNATURE_REGION_LENGTH__)?__SIGNATURE_REGION_LENGTH__:0x400
                0x0000000000000400                __USER_SIGNATURE_REGION_LENGTH__ = DEFINED (__USER_SIGNATURE_REGION_LENGTH__)?__USER_SIGNATURE_REGION_LENGTH__:0x400

.hash
 *(.hash)

.dynsym
 *(.dynsym)

.dynstr
 *(.dynstr)

.gnu.version
 *(.gnu.version)

.gnu.version_d
 *(.gnu.version_d)

.gnu.version_r
 *(.gnu.version_r)

.rel.init
 *(.rel.init)

.rela.init
 *(.rela.init)

.rel.text
 *(.rel.text)
 *(.rel.text.*)
 *(.rel.gnu.linkonce.t*)

.rela.text
 *(.rela.text)
 *(.rela.text.*)
 *(.rela.gnu.linkonce.t*)

.rel.fini
 *(.rel.fini)

.rela.fini
 *(.rela.fini)

.rel.rodata
 *(.rel.rodata)
 *(.rel.rodata.*)
 *(.rel.gnu.linkonce.r*)

.rela.rodata
 *(.rela.rodata)
 *(.rela.rodata.*)
 *(.rela.gnu.linkonce.r*)

.rel.data
 *(.rel.data)
 *(.rel.data.*)
 *(.rel.gnu.linkonce.d*)

.rela.data
 *(.rela.data)
 *(.rela.data.*)
 *(.rela.gnu.linkonce.d*)

.rel.ctors
 *(.rel.ctors)

.rela.ctors
 *(.rela.ctors)

.rel.dtors
 *(.rel.dtors)

.rela.dtors
 *(.rela.dtors)

.rel.got
 *(.rel.got)

.rela.got
 *(.rela.got)

.rel.bss
 *(.rel.bss)

.rela.bss
 *(.rela.bss)

.rel.plt
 *(.rel.plt)

.rela.plt
 *(.rela.plt)

.text           0x0000000000000000      0x478
 *(.vectors)
 .vectors       0x0000000000000000       0x8c /home/becker/bin/avr-gcc-7.2/lib/gcc/avr/7.2.0/../../../../avr/lib/avr51/crtatmega128.o
                0x0000000000000000                __vectors
                0x0000000000000000                __vector_default
 *(.vectors)
 *(.progmem.gcc*)
                0x000000000000008c                . = ALIGN (0x2)
                0x000000000000008c                __trampolines_start = .
 *(.trampolines)
 .trampolines   0x000000000000008c        0x0 linker stubs
 *(.trampolines*)
                0x000000000000008c                __trampolines_end = .
 *libprintf_flt.a:*(.progmem.data)
 *libc.a:*(.progmem.data)
 *(.progmem*)
                0x000000000000008c                . = ALIGN (0x2)
 *(.lowtext)
 *(.lowtext*)
                0x000000000000008c                __ctors_start = .
 *(.ctors)
                0x000000000000008c                __ctors_end = .
                0x000000000000008c                __dtors_start = .
 *(.dtors)
                0x000000000000008c                __dtors_end = .
 SORT(*)(.ctors)
 SORT(*)(.dtors)
 *(.init0)
 .init0         0x000000000000008c        0x0 /home/becker/bin/avr-gcc-7.2/lib/gcc/avr/7.2.0/../../../../avr/lib/avr51/crtatmega128.o
                0x000000000000008c                __init
 *(.init0)
 *(.init1)
 *(.init1)
 *(.init2)
 .init2         0x000000000000008c        0xc /home/becker/bin/avr-gcc-7.2/lib/gcc/avr/7.2.0/../../../../avr/lib/avr51/crtatmega128.o
 *(.init2)
 *(.init3)
 *(.init3)
 *(.init4)
 .init4         0x0000000000000098       0x1a /home/becker/bin/avr-gcc-7.2/lib/gcc/avr/7.2.0/avr51/libgcc.a(_copy_data.o)
                0x0000000000000098                __do_copy_data
 .init4         0x00000000000000b2       0x10 /home/becker/bin/avr-gcc-7.2/lib/gcc/avr/7.2.0/avr51/libgcc.a(_clear_bss.o)
                0x00000000000000b2                __do_clear_bss
 *(.init4)
 *(.init5)
 *(.init5)
 *(.init6)
 *(.init6)
 *(.init7)
 *(.init7)
 *(.init8)
 *(.init8)
 *(.init9)
 .init9         0x00000000000000c2        0x8 /home/becker/bin/avr-gcc-7.2/lib/gcc/avr/7.2.0/../../../../avr/lib/avr51/crtatmega128.o
 *(.init9)
 *(.text)
 .text          0x00000000000000ca        0x4 /home/becker/bin/avr-gcc-7.2/lib/gcc/avr/7.2.0/../../../../avr/lib/avr51/crtatmega128.o
                0x00000000000000ca                __vector_22
                0x00000000000000ca                __vector_28
                0x00000000000000ca                __vector_1
                0x00000000000000ca                __vector_32
                0x00000000000000ca                __vector_34
                0x00000000000000ca                __vector_24
                0x00000000000000ca                __vector_12
                0x00000000000000ca                __bad_interrupt
                0x00000000000000ca                __vector_6
                0x00000000000000ca                __vector_31
                0x00000000000000ca                __vector_3
                0x00000000000000ca                __vector_23
                0x00000000000000ca                __vector_30
                0x00000000000000ca                __vector_25
                0x00000000000000ca                __vector_11
                0x00000000000000ca                __vector_13
                0x00000000000000ca                __vector_17
                0x00000000000000ca                __vector_19
                0x00000000000000ca                __vector_7
                0x00000000000000ca                __vector_27
                0x00000000000000ca                __vector_5
                0x00000000000000ca                __vector_33
                0x00000000000000ca                __vector_4
                0x00000000000000ca                __vector_9
                0x00000000000000ca                __vector_2
                0x00000000000000ca                __vector_21
                0x00000000000000ca                __vector_15
                0x00000000000000ca                __vector_29
                0x00000000000000ca                __vector_8
                0x00000000000000ca                __vector_26
                0x00000000000000ca                __vector_14
                0x00000000000000ca                __vector_10
                0x00000000000000ca                __vector_16
                0x00000000000000ca                __vector_18
                0x00000000000000ca                __vector_20
 .text          0x00000000000000ce      0x3a6 crc.o
                0x00000000000000ce                icrc1
                0x000000000000015c                icrc
                0x000000000000039e                main
 .text          0x0000000000000474        0x0 /home/becker/bin/avr-gcc-7.2/lib/gcc/avr/7.2.0/avr51/libgcc.a(_exit.o)
 .text          0x0000000000000474        0x0 /home/becker/bin/avr-gcc-7.2/lib/gcc/avr/7.2.0/avr51/libgcc.a(_copy_data.o)
 .text          0x0000000000000474        0x0 /home/becker/bin/avr-gcc-7.2/lib/gcc/avr/7.2.0/avr51/libgcc.a(_clear_bss.o)
                0x0000000000000474                . = ALIGN (0x2)
 *(.text.*)
 .text.libgcc.mul
                0x0000000000000474        0x0 /home/becker/bin/avr-gcc-7.2/lib/gcc/avr/7.2.0/avr51/libgcc.a(_exit.o)
 .text.libgcc.div
                0x0000000000000474        0x0 /home/becker/bin/avr-gcc-7.2/lib/gcc/avr/7.2.0/avr51/libgcc.a(_exit.o)
 .text.libgcc   0x0000000000000474        0x0 /home/becker/bin/avr-gcc-7.2/lib/gcc/avr/7.2.0/avr51/libgcc.a(_exit.o)
 .text.libgcc.prologue
                0x0000000000000474        0x0 /home/becker/bin/avr-gcc-7.2/lib/gcc/avr/7.2.0/avr51/libgcc.a(_exit.o)
 .text.libgcc.builtins
                0x0000000000000474        0x0 /home/becker/bin/avr-gcc-7.2/lib/gcc/avr/7.2.0/avr51/libgcc.a(_exit.o)
 .text.libgcc.fmul
                0x0000000000000474        0x0 /home/becker/bin/avr-gcc-7.2/lib/gcc/avr/7.2.0/avr51/libgcc.a(_exit.o)
 .text.libgcc.fixed
                0x0000000000000474        0x0 /home/becker/bin/avr-gcc-7.2/lib/gcc/avr/7.2.0/avr51/libgcc.a(_exit.o)
 .text.libgcc.mul
                0x0000000000000474        0x0 /home/becker/bin/avr-gcc-7.2/lib/gcc/avr/7.2.0/avr51/libgcc.a(_copy_data.o)
 .text.libgcc.div
                0x0000000000000474        0x0 /home/becker/bin/avr-gcc-7.2/lib/gcc/avr/7.2.0/avr51/libgcc.a(_copy_data.o)
 .text.libgcc   0x0000000000000474        0x0 /home/becker/bin/avr-gcc-7.2/lib/gcc/avr/7.2.0/avr51/libgcc.a(_copy_data.o)
 .text.libgcc.prologue
                0x0000000000000474        0x0 /home/becker/bin/avr-gcc-7.2/lib/gcc/avr/7.2.0/avr51/libgcc.a(_copy_data.o)
 .text.libgcc.builtins
                0x0000000000000474        0x0 /home/becker/bin/avr-gcc-7.2/lib/gcc/avr/7.2.0/avr51/libgcc.a(_copy_data.o)
 .text.libgcc.fmul
                0x0000000000000474        0x0 /home/becker/bin/avr-gcc-7.2/lib/gcc/avr/7.2.0/avr51/libgcc.a(_copy_data.o)
 .text.libgcc.fixed
                0x0000000000000474        0x0 /home/becker/bin/avr-gcc-7.2/lib/gcc/avr/7.2.0/avr51/libgcc.a(_copy_data.o)
 .text.libgcc.mul
                0x0000000000000474        0x0 /home/becker/bin/avr-gcc-7.2/lib/gcc/avr/7.2.0/avr51/libgcc.a(_clear_bss.o)
 .text.libgcc.div
                0x0000000000000474        0x0 /home/becker/bin/avr-gcc-7.2/lib/gcc/avr/7.2.0/avr51/libgcc.a(_clear_bss.o)
 .text.libgcc   0x0000000000000474        0x0 /home/becker/bin/avr-gcc-7.2/lib/gcc/avr/7.2.0/avr51/libgcc.a(_clear_bss.o)
 .text.libgcc.prologue
                0x0000000000000474        0x0 /home/becker/bin/avr-gcc-7.2/lib/gcc/avr/7.2.0/avr51/libgcc.a(_clear_bss.o)
 .text.libgcc.builtins
                0x0000000000000474        0x0 /home/becker/bin/avr-gcc-7.2/lib/gcc/avr/7.2.0/avr51/libgcc.a(_clear_bss.o)
 .text.libgcc.fmul
                0x0000000000000474        0x0 /home/becker/bin/avr-gcc-7.2/lib/gcc/avr/7.2.0/avr51/libgcc.a(_clear_bss.o)
 .text.libgcc.fixed
                0x0000000000000474        0x0 /home/becker/bin/avr-gcc-7.2/lib/gcc/avr/7.2.0/avr51/libgcc.a(_clear_bss.o)
                0x0000000000000474                . = ALIGN (0x2)
 *(.fini9)
 .fini9         0x0000000000000474        0x0 /home/becker/bin/avr-gcc-7.2/lib/gcc/avr/7.2.0/avr51/libgcc.a(_exit.o)
                0x0000000000000474                exit
                0x0000000000000474                _exit
 *(.fini9)
 *(.fini8)
 *(.fini8)
 *(.fini7)
 *(.fini7)
 *(.fini6)
 *(.fini6)
 *(.fini5)
 *(.fini5)
 *(.fini4)
 *(.fini4)
 *(.fini3)
 *(.fini3)
 *(.fini2)
 *(.fini2)
 *(.fini1)
 *(.fini1)
 *(.fini0)
 .fini0         0x0000000000000474        0x4 /home/becker/bin/avr-gcc-7.2/lib/gcc/avr/7.2.0/avr51/libgcc.a(_exit.o)
 *(.fini0)
 *(.hightext)
 *(.hightext*)
                0x0000000000000478                . = ALIGN (0x2)
 *(.jumptables)
 *(.jumptables*)
                0x0000000000000478                _etext = .

.data           0x0000000000800100      0x110 load address 0x0000000000000478
                0x0000000000800100                PROVIDE (__data_start, .)
 *(.data)
 .data          0x0000000000800100        0x0 /home/becker/bin/avr-gcc-7.2/lib/gcc/avr/7.2.0/../../../../avr/lib/avr51/crtatmega128.o
 .data          0x0000000000800100      0x110 crc.o
                0x0000000000800100                lin
 .data          0x0000000000800210        0x0 /home/becker/bin/avr-gcc-7.2/lib/gcc/avr/7.2.0/avr51/libgcc.a(_exit.o)
 .data          0x0000000000800210        0x0 /home/becker/bin/avr-gcc-7.2/lib/gcc/avr/7.2.0/avr51/libgcc.a(_copy_data.o)
 .data          0x0000000000800210        0x0 /home/becker/bin/avr-gcc-7.2/lib/gcc/avr/7.2.0/avr51/libgcc.a(_clear_bss.o)
 *(.data*)
 *(.gnu.linkonce.d*)
 *(.rodata)
 *(.rodata*)
 *(.gnu.linkonce.r*)
                0x0000000000800210                . = ALIGN (0x2)
                0x0000000000800210                _edata = .
                0x0000000000800210                PROVIDE (__data_end, .)

.bss            0x0000000000800210      0x302
                0x0000000000800210                PROVIDE (__bss_start, .)
 *(.bss)
 .bss           0x0000000000800210        0x0 /home/becker/bin/avr-gcc-7.2/lib/gcc/avr/7.2.0/../../../../avr/lib/avr51/crtatmega128.o
 .bss           0x0000000000800210      0x302 crc.o
 .bss           0x0000000000800512        0x0 /home/becker/bin/avr-gcc-7.2/lib/gcc/avr/7.2.0/avr51/libgcc.a(_exit.o)
 .bss           0x0000000000800512        0x0 /home/becker/bin/avr-gcc-7.2/lib/gcc/avr/7.2.0/avr51/libgcc.a(_copy_data.o)
 .bss           0x0000000000800512        0x0 /home/becker/bin/avr-gcc-7.2/lib/gcc/avr/7.2.0/avr51/libgcc.a(_clear_bss.o)
 *(.bss*)
 *(COMMON)
                0x0000000000800512                PROVIDE (__bss_end, .)
                0x0000000000000478                __data_load_start = LOADADDR (.data)
                0x0000000000000588                __data_load_end = (__data_load_start + SIZEOF (.data))

.noinit         0x0000000000800512        0x0
                [!provide]                        PROVIDE (__noinit_start, .)
 *(.noinit*)
                [!provide]                        PROVIDE (__noinit_end, .)
                0x0000000000800512                _end = .
                [!provide]                        PROVIDE (__heap_start, .)

.eeprom         0x0000000000810000        0x0
 *(.eeprom*)
                0x0000000000810000                __eeprom_end = .

.fuse
 *(.fuse)
 *(.lfuse)
 *(.hfuse)
 *(.efuse)

.lock
 *(.lock*)

.signature
 *(.signature*)

.stab           0x0000000000000000      0x21c
 *(.stab)
 .stab          0x0000000000000000       0x78 /home/becker/bin/avr-gcc-7.2/lib/gcc/avr/7.2.0/avr51/libgcc.a(_exit.o)
 .stab          0x0000000000000078       0xf0 /home/becker/bin/avr-gcc-7.2/lib/gcc/avr/7.2.0/avr51/libgcc.a(_copy_data.o)
                                         0xfc (size before relaxing)
 .stab          0x0000000000000168       0xb4 /home/becker/bin/avr-gcc-7.2/lib/gcc/avr/7.2.0/avr51/libgcc.a(_clear_bss.o)
                                         0xc0 (size before relaxing)

.stabstr        0x0000000000000000       0x9c
 *(.stabstr)
 .stabstr       0x0000000000000000       0x9c /home/becker/bin/avr-gcc-7.2/lib/gcc/avr/7.2.0/avr51/libgcc.a(_exit.o)

.stab.excl
 *(.stab.excl)

.stab.exclstr
 *(.stab.exclstr)

.stab.index
 *(.stab.index)

.stab.indexstr
 *(.stab.indexstr)

.comment        0x0000000000000000       0x11
 *(.comment)
 .comment       0x0000000000000000       0x11 crc.o
                                         0x12 (size before relaxing)

.note.gnu.avr.deviceinfo
                0x0000000000000000       0x3c
 .note.gnu.avr.deviceinfo
                0x0000000000000000       0x3c /home/becker/bin/avr-gcc-7.2/lib/gcc/avr/7.2.0/../../../../avr/lib/avr51/crtatmega128.o

.note.gnu.build-id
 *(.note.gnu.build-id)

.debug
 *(.debug)

.line
 *(.line)

.debug_srcinfo
 *(.debug_srcinfo)

.debug_sfnames
 *(.debug_sfnames)

.debug_aranges  0x0000000000000000       0x20
 *(.debug_aranges)
 .debug_aranges
                0x0000000000000000       0x20 crc.o

.debug_pubnames
 *(.debug_pubnames)

.debug_info     0x0000000000000000      0x9b0
 *(.debug_info .gnu.linkonce.wi.*)
 .debug_info    0x0000000000000000      0x780 /home/becker/bin/avr-gcc-7.2/lib/gcc/avr/7.2.0/../../../../avr/lib/avr51/crtatmega128.o
 .debug_info    0x0000000000000780      0x230 crc.o

.debug_abbrev   0x0000000000000000      0x800
 *(.debug_abbrev)
 .debug_abbrev  0x0000000000000000      0x718 /home/becker/bin/avr-gcc-7.2/lib/gcc/avr/7.2.0/../../../../avr/lib/avr51/crtatmega128.o
 .debug_abbrev  0x0000000000000718       0xe8 crc.o

.debug_line     0x0000000000000000      0x185
 *(.debug_line .debug_line.* .debug_line_end)
 .debug_line    0x0000000000000000       0x1d /home/becker/bin/avr-gcc-7.2/lib/gcc/avr/7.2.0/../../../../avr/lib/avr51/crtatmega128.o
 .debug_line    0x000000000000001d      0x168 crc.o

.debug_frame    0x0000000000000000       0x98
 *(.debug_frame)
 .debug_frame   0x0000000000000000       0x98 crc.o

.debug_str      0x0000000000000000      0x3c6
 *(.debug_str)
 .debug_str     0x0000000000000000      0x27d /home/becker/bin/avr-gcc-7.2/lib/gcc/avr/7.2.0/../../../../avr/lib/avr51/crtatmega128.o
 .debug_str     0x000000000000027d      0x149 crc.o
                                        0x15b (size before relaxing)

.debug_loc      0x0000000000000000      0x10a
 *(.debug_loc)
 .debug_loc     0x0000000000000000      0x10a crc.o

.debug_macinfo
 *(.debug_macinfo)

.debug_weaknames
 *(.debug_weaknames)

.debug_funcnames
 *(.debug_funcnames)

.debug_typenames
 *(.debug_typenames)

.debug_varnames
 *(.debug_varnames)

.debug_pubtypes
 *(.debug_pubtypes)

.debug_ranges
 *(.debug_ranges)

.debug_macro
 *(.debug_macro)

.debug_addr
 *(.debug_addr)
OUTPUT(main.elf elf32-avr)
LOAD linker stubs

Cross Reference Table

Symbol                                            File
__bad_interrupt                                   /home/becker/bin/avr-gcc-7.2/lib/gcc/avr/7.2.0/../../../../avr/lib/avr51/crtatmega128.o
__bss_end                                         /home/becker/bin/avr-gcc-7.2/lib/gcc/avr/7.2.0/avr51/libgcc.a(_clear_bss.o)
__bss_start                                       /home/becker/bin/avr-gcc-7.2/lib/gcc/avr/7.2.0/avr51/libgcc.a(_clear_bss.o)
__data_end                                        /home/becker/bin/avr-gcc-7.2/lib/gcc/avr/7.2.0/avr51/libgcc.a(_copy_data.o)
__data_load_start                                 /home/becker/bin/avr-gcc-7.2/lib/gcc/avr/7.2.0/avr51/libgcc.a(_copy_data.o)
__data_start                                      /home/becker/bin/avr-gcc-7.2/lib/gcc/avr/7.2.0/avr51/libgcc.a(_copy_data.o)
__do_clear_bss                                    /home/becker/bin/avr-gcc-7.2/lib/gcc/avr/7.2.0/avr51/libgcc.a(_clear_bss.o)
                                                  crc.o
__do_copy_data                                    /home/becker/bin/avr-gcc-7.2/lib/gcc/avr/7.2.0/avr51/libgcc.a(_copy_data.o)
                                                  crc.o
__heap_end                                        /home/becker/bin/avr-gcc-7.2/lib/gcc/avr/7.2.0/../../../../avr/lib/avr51/crtatmega128.o
__init                                            /home/becker/bin/avr-gcc-7.2/lib/gcc/avr/7.2.0/../../../../avr/lib/avr51/crtatmega128.o
__stack                                           /home/becker/bin/avr-gcc-7.2/lib/gcc/avr/7.2.0/../../../../avr/lib/avr51/crtatmega128.o
__vector_1                                        /home/becker/bin/avr-gcc-7.2/lib/gcc/avr/7.2.0/../../../../avr/lib/avr51/crtatmega128.o
__vector_10                                       /home/becker/bin/avr-gcc-7.2/lib/gcc/avr/7.2.0/../../../../avr/lib/avr51/crtatmega128.o
__vector_11                                       /home/becker/bin/avr-gcc-7.2/lib/gcc/avr/7.2.0/../../../../avr/lib/avr51/crtatmega128.o
__vector_12                                       /home/becker/bin/avr-gcc-7.2/lib/gcc/avr/7.2.0/../../../../avr/lib/avr51/crtatmega128.o
__vector_13                                       /home/becker/bin/avr-gcc-7.2/lib/gcc/avr/7.2.0/../../../../avr/lib/avr51/crtatmega128.o
__vector_14                                       /home/becker/bin/avr-gcc-7.2/lib/gcc/avr/7.2.0/../../../../avr/lib/avr51/crtatmega128.o
__vector_15                                       /home/becker/bin/avr-gcc-7.2/lib/gcc/avr/7.2.0/../../../../avr/lib/avr51/crtatmega128.o
__vector_16                                       /home/becker/bin/avr-gcc-7.2/lib/gcc/avr/7.2.0/../../../../avr/lib/avr51/crtatmega128.o
__vector_17                                       /home/becker/bin/avr-gcc-7.2/lib/gcc/avr/7.2.0/../../../../avr/lib/avr51/crtatmega128.o
__vector_18                                       /home/becker/bin/avr-gcc-7.2/lib/gcc/avr/7.2.0/../../../../avr/lib/avr51/crtatmega128.o
__vector_19                                       /home/becker/bin/avr-gcc-7.2/lib/gcc/avr/7.2.0/../../../../avr/lib/avr51/crtatmega128.o
__vector_2                                        /home/becker/bin/avr-gcc-7.2/lib/gcc/avr/7.2.0/../../../../avr/lib/avr51/crtatmega128.o
__vector_20                                       /home/becker/bin/avr-gcc-7.2/lib/gcc/avr/7.2.0/../../../../avr/lib/avr51/crtatmega128.o
__vector_21                                       /home/becker/bin/avr-gcc-7.2/lib/gcc/avr/7.2.0/../../../../avr/lib/avr51/crtatmega128.o
__vector_22                                       /home/becker/bin/avr-gcc-7.2/lib/gcc/avr/7.2.0/../../../../avr/lib/avr51/crtatmega128.o
__vector_23                                       /home/becker/bin/avr-gcc-7.2/lib/gcc/avr/7.2.0/../../../../avr/lib/avr51/crtatmega128.o
__vector_24                                       /home/becker/bin/avr-gcc-7.2/lib/gcc/avr/7.2.0/../../../../avr/lib/avr51/crtatmega128.o
__vector_25                                       /home/becker/bin/avr-gcc-7.2/lib/gcc/avr/7.2.0/../../../../avr/lib/avr51/crtatmega128.o
__vector_26                                       /home/becker/bin/avr-gcc-7.2/lib/gcc/avr/7.2.0/../../../../avr/lib/avr51/crtatmega128.o
__vector_27                                       /home/becker/bin/avr-gcc-7.2/lib/gcc/avr/7.2.0/../../../../avr/lib/avr51/crtatmega128.o
__vector_28                                       /home/becker/bin/avr-gcc-7.2/lib/gcc/avr/7.2.0/../../../../avr/lib/avr51/crtatmega128.o
__vector_29                                       /home/becker/bin/avr-gcc-7.2/lib/gcc/avr/7.2.0/../../../../avr/lib/avr51/crtatmega128.o
__vector_3                                        /home/becker/bin/avr-gcc-7.2/lib/gcc/avr/7.2.0/../../../../avr/lib/avr51/crtatmega128.o
__vector_30                                       /home/becker/bin/avr-gcc-7.2/lib/gcc/avr/7.2.0/../../../../avr/lib/avr51/crtatmega128.o
__vector_31                                       /home/becker/bin/avr-gcc-7.2/lib/gcc/avr/7.2.0/../../../../avr/lib/avr51/crtatmega128.o
__vector_32                                       /home/becker/bin/avr-gcc-7.2/lib/gcc/avr/7.2.0/../../../../avr/lib/avr51/crtatmega128.o
__vector_33                                       /home/becker/bin/avr-gcc-7.2/lib/gcc/avr/7.2.0/../../../../avr/lib/avr51/crtatmega128.o
__vector_34                                       /home/becker/bin/avr-gcc-7.2/lib/gcc/avr/7.2.0/../../../../avr/lib/avr51/crtatmega128.o
__vector_4                                        /home/becker/bin/avr-gcc-7.2/lib/gcc/avr/7.2.0/../../../../avr/lib/avr51/crtatmega128.o
__vector_5                                        /home/becker/bin/avr-gcc-7.2/lib/gcc/avr/7.2.0/../../../../avr/lib/avr51/crtatmega128.o
__vector_6                                        /home/becker/bin/avr-gcc-7.2/lib/gcc/avr/7.2.0/../../../../avr/lib/avr51/crtatmega128.o
__vector_7                                        /home/becker/bin/avr-gcc-7.2/lib/gcc/avr/7.2.0/../../../../avr/lib/avr51/crtatmega128.o
__vector_8                                        /home/becker/bin/avr-gcc-7.2/lib/gcc/avr/7.2.0/../../../../avr/lib/avr51/crtatmega128.o
__vector_9                                        /home/becker/bin/avr-gcc-7.2/lib/gcc/avr/7.2.0/../../../../avr/lib/avr51/crtatmega128.o
__vector_default                                  /home/becker/bin/avr-gcc-7.2/lib/gcc/avr/7.2.0/../../../../avr/lib/avr51/crtatmega128.o
__vectors                                         /home/becker/bin/avr-gcc-7.2/lib/gcc/avr/7.2.0/../../../../avr/lib/avr51/crtatmega128.o
_exit                                             /home/becker/bin/avr-gcc-7.2/lib/gcc/avr/7.2.0/avr51/libgcc.a(_exit.o)
exit                                              /home/becker/bin/avr-gcc-7.2/lib/gcc/avr/7.2.0/avr51/libgcc.a(_exit.o)
                                                  /home/becker/bin/avr-gcc-7.2/lib/gcc/avr/7.2.0/../../../../avr/lib/avr51/crtatmega128.o
icrc                                              crc.o
icrc1                                             crc.o
lin                                               crc.o
main                                              crc.o
                                                  /home/becker/bin/avr-gcc-7.2/lib/gcc/avr/7.2.0/../../../../avr/lib/avr51/crtatmega128.o
